/opt/jdk-13.0.1/bin/java -Xms256m -Xmx256m -verbose:gc -XX:+UseParallelGC -javaagent:/snap/intellij-idea-community/221/lib/idea_rt.jar=45045:/snap/intellij-idea-community/221/bin -Dfile.encoding=UTF-8 -classpath /home/comradv/IdeaProjects/otus_java_2019_12/hw06-gc/target/classes ru.otus.l06.App
[0.009s][info][gc] Using Parallel
[37,016s][info][gc] GC(0) Pause Young (Allocation Failure) 64M->30M(245M) 12,741ms
[90,534s][info][gc] GC(1) Pause Young (Allocation Failure) 94M->88M(245M) 40,763ms
[145,586s][info][gc] GC(2) Pause Young (Allocation Failure) 152M->147M(245M) 23,664ms
[145,628s][info][gc] GC(3) Pause Full (Ergonomics) 147M->105M(245M) 41,697ms
[206,948s][info][gc] GC(4) Pause Young (Allocation Failure) 169M->167M(245M) 42,825ms
[206,994s][info][gc] GC(5) Pause Full (Ergonomics) 167M->144M(245M) 45,774ms
[269,108s][info][gc] GC(6) Pause Full (Ergonomics) 208M->184M(245M) 49,850ms
[320,620s][info][gc] GC(7) Pause Full (Ergonomics) 234M->215M(245M) 61,068ms
[341,001s][info][gc] GC(8) Pause Full (Ergonomics) 234M->227M(245M) 55,926ms
[346,670s][info][gc] GC(9) Pause Full (Ergonomics) 233M->231M(245M) 57,566ms
[347,479s][info][gc] GC(10) Pause Full (Ergonomics) 234M->232M(245M) 93,709ms
[349,814s][info][gc] GC(11) Pause Full (Ergonomics) 234M->233M(245M) 88,758ms
[350,592s][info][gc] GC(12) Pause Full (Ergonomics) 234M->234M(245M) 89,971ms
[350,978s][info][gc] GC(13) Pause Full (Ergonomics) 234M->234M(245M) 88,312ms
[351,046s][info][gc] GC(14) Pause Full (Ergonomics) 234M->234M(245M) 66,996ms
[351,106s][info][gc] GC(15) Pause Full (Ergonomics) 234M->234M(245M) 59,764ms
[351,172s][info][gc] GC(16) Pause Full (Ergonomics) 234M->234M(245M) 65,039ms
[351,273s][info][gc] GC(17) Pause Full (Ergonomics) 234M->234M(245M) 66,891ms
[351,335s][info][gc] GC(18) Pause Full (Ergonomics) 234M->234M(245M) 62,037ms
[351,395s][info][gc] GC(19) Pause Full (Ergonomics) 234M->234M(245M) 60,064ms
[351,449s][info][gc] GC(20) Pause Full (Ergonomics) 234M->234M(245M) 52,905ms
[351,520s][info][gc] GC(21) Pause Full (Ergonomics) 234M->234M(245M) 70,727ms
[351,573s][info][gc] GC(22) Pause Full (Ergonomics) 234M->234M(245M) 52,574ms
[351,648s][info][gc] GC(23) Pause Full (Ergonomics) 234M->234M(245M) 74,462ms
[351,697s][info][gc] GC(24) Pause Full (Ergonomics) 234M->234M(245M) 48,863ms
[351,761s][info][gc] GC(25) Pause Full (Ergonomics) 234M->234M(245M) 63,461ms
[351,809s][info][gc] GC(26) Pause Full (Ergonomics) 234M->234M(245M) 47,834ms
[351,866s][info][gc] GC(27) Pause Full (Ergonomics) 234M->234M(245M) 56,799ms
[351,924s][info][gc] GC(28) Pause Full (Ergonomics) 234M->234M(245M) 58,178ms
[351,972s][info][gc] GC(29) Pause Full (Ergonomics) 234M->234M(245M) 47,385ms
[352,048s][info][gc] GC(30) Pause Full (Ergonomics) 234M->234M(245M) 75,564ms
[352,104s][info][gc] GC(31) Pause Full (Ergonomics) 234M->234M(245M) 56,550ms
[352,155s][info][gc] GC(32) Pause Full (Ergonomics) 234M->234M(245M) 50,689ms
[352,203s][info][gc] GC(33) Pause Full (Ergonomics) 234M->234M(245M) 47,421ms
[352,281s][info][gc] GC(34) Pause Full (Ergonomics) 234M->234M(245M) 77,279ms
[352,326s][info][gc] GC(35) Pause Full (Ergonomics) 234M->234M(245M) 45,046ms
[352,392s][info][gc] GC(36) Pause Full (Ergonomics) 234M->234M(245M) 65,401ms
[352,436s][info][gc] GC(37) Pause Full (Ergonomics) 234M->234M(245M) 44,189ms
[352,515s][info][gc] GC(38) Pause Full (Ergonomics) 234M->234M(245M) 78,260ms
[352,572s][info][gc] GC(39) Pause Full (Ergonomics) 234M->234M(245M) 57,321ms
[352,642s][info][gc] GC(40) Pause Full (Ergonomics) 234M->234M(245M) 68,635ms
[352,690s][info][gc] GC(41) Pause Full (Ergonomics) 234M->234M(245M) 48,535ms
[352,739s][info][gc] GC(42) Pause Full (Ergonomics) 234M->234M(245M) 48,965ms
[352,804s][info][gc] GC(43) Pause Full (Ergonomics) 234M->234M(245M) 64,096ms
[352,858s][info][gc] GC(44) Pause Full (Ergonomics) 234M->234M(245M) 53,425ms
[352,923s][info][gc] GC(45) Pause Full (Ergonomics) 234M->234M(245M) 64,933ms
[352,986s][info][gc] GC(46) Pause Full (Ergonomics) 234M->234M(245M) 62,189ms
[353,036s][info][gc] GC(47) Pause Full (Ergonomics) 234M->234M(245M) 50,344ms
[353,110s][info][gc] GC(48) Pause Full (Ergonomics) 234M->234M(245M) 73,114ms
[353,172s][info][gc] GC(49) Pause Full (Ergonomics) 234M->234M(245M) 61,800ms
[353,235s][info][gc] GC(50) Pause Full (Ergonomics) 234M->234M(245M) 61,758ms
[353,293s][info][gc] GC(51) Pause Full (Ergonomics) 234M->234M(245M) 58,065ms
[353,354s][info][gc] GC(52) Pause Full (Ergonomics) 234M->234M(245M) 60,362ms
[353,414s][info][gc] GC(53) Pause Full (Ergonomics) 234M->234M(245M) 59,470ms
[353,475s][info][gc] GC(54) Pause Full (Ergonomics) 234M->234M(245M) 61,335ms
[353,522s][info][gc] GC(55) Pause Full (Ergonomics) 234M->234M(245M) 46,374ms
[353,588s][info][gc] GC(56) Pause Full (Ergonomics) 234M->234M(245M) 65,141ms
[353,642s][info][gc] GC(57) Pause Full (Ergonomics) 234M->234M(245M) 54,668ms
[353,714s][info][gc] GC(58) Pause Full (Ergonomics) 234M->234M(245M) 71,039ms
[353,765s][info][gc] GC(59) Pause Full (Ergonomics) 234M->234M(245M) 50,970ms
[353,820s][info][gc] GC(60) Pause Full (Ergonomics) 234M->234M(245M) 54,805ms
[353,890s][info][gc] GC(61) Pause Full (Ergonomics) 234M->234M(245M) 68,569ms
[353,934s][info][gc] GC(62) Pause Full (Ergonomics) 234M->234M(245M) 44,001ms
[353,999s][info][gc] GC(63) Pause Full (Ergonomics) 234M->234M(245M) 64,462ms
[354,046s][info][gc] GC(64) Pause Full (Ergonomics) 234M->234M(245M) 47,393ms
[354,098s][info][gc] GC(65) Pause Full (Ergonomics) 234M->234M(245M) 51,857ms
[354,167s][info][gc] GC(66) Pause Full (Ergonomics) 234M->234M(245M) 67,731ms
[354,219s][info][gc] GC(67) Pause Full (Ergonomics) 234M->234M(245M) 52,296ms
[354,294s][info][gc] GC(68) Pause Full (Ergonomics) 234M->234M(245M) 74,540ms
[354,343s][info][gc] GC(69) Pause Full (Ergonomics) 234M->234M(245M) 48,511ms
[354,408s][info][gc] GC(70) Pause Full (Ergonomics) 234M->234M(245M) 64,679ms
[354,457s][info][gc] GC(71) Pause Full (Ergonomics) 234M->234M(245M) 48,988ms
[354,525s][info][gc] GC(72) Pause Full (Ergonomics) 234M->234M(245M) 67,002ms
[354,573s][info][gc] GC(73) Pause Full (Ergonomics) 234M->234M(245M) 48,000ms
[354,647s][info][gc] GC(74) Pause Full (Ergonomics) 234M->234M(245M) 73,292ms
[354,711s][info][gc] GC(75) Pause Full (Ergonomics) 234M->234M(245M) 63,809ms
[354,774s][info][gc] GC(76) Pause Full (Ergonomics) 234M->234M(245M) 62,716ms
[354,832s][info][gc] GC(77) Pause Full (Ergonomics) 234M->234M(245M) 58,456ms
[354,893s][info][gc] GC(78) Pause Full (Ergonomics) 234M->234M(245M) 59,838ms
[354,945s][info][gc] GC(79) Pause Full (Ergonomics) 234M->234M(245M) 51,693ms
[354,992s][info][gc] GC(80) Pause Full (Ergonomics) 234M->234M(245M) 47,470ms
[355,055s][info][gc] GC(81) Pause Full (Ergonomics) 234M->234M(245M) 62,704ms
[355,099s][info][gc] GC(82) Pause Full (Ergonomics) 234M->234M(245M) 43,716ms
[355,163s][info][gc] GC(83) Pause Full (Ergonomics) 234M->234M(245M) 63,078ms
[355,209s][info][gc] GC(84) Pause Full (Ergonomics) 234M->234M(245M) 45,234ms
[355,279s][info][gc] GC(85) Pause Full (Ergonomics) 234M->234M(245M) 70,452ms
[355,325s][info][gc] GC(86) Pause Full (Ergonomics) 234M->234M(245M) 45,415ms
[355,390s][info][gc] GC(87) Pause Full (Ergonomics) 234M->234M(245M) 64,119ms
[355,435s][info][gc] GC(88) Pause Full (Ergonomics) 234M->234M(245M) 44,789ms
[355,500s][info][gc] GC(89) Pause Full (Ergonomics) 234M->234M(245M) 64,486ms
[355,553s][info][gc] GC(90) Pause Full (Ergonomics) 234M->234M(245M) 50,035ms
[355,622s][info][gc] GC(91) Pause Full (Ergonomics) 234M->234M(245M) 67,908ms
[355,675s][info][gc] GC(92) Pause Full (Ergonomics) 234M->234M(245M) 52,565ms
[355,747s][info][gc] GC(93) Pause Full (Ergonomics) 234M->234M(245M) 71,431ms
[355,811s][info][gc] GC(94) Pause Full (Ergonomics) 234M->234M(245M) 64,049ms
[355,875s][info][gc] GC(95) Pause Full (Ergonomics) 234M->234M(245M) 63,328ms
[355,943s][info][gc] GC(96) Pause Full (Ergonomics) 234M->234M(245M) 68,003ms
[355,994s][info][gc] GC(97) Pause Full (Ergonomics) 234M->234M(245M) 50,907ms
[356,049s][info][gc] GC(98) Pause Full (Ergonomics) 234M->234M(245M) 54,672ms
[356,114s][info][gc] GC(99) Pause Full (Ergonomics) 234M->234M(245M) 64,716ms
[356,180s][info][gc] GC(100) Pause Full (Ergonomics) 234M->234M(245M) 64,907ms
[356,250s][info][gc] GC(101) Pause Full (Ergonomics) 234M->234M(245M) 69,371ms
[356,311s][info][gc] GC(102) Pause Full (Ergonomics) 234M->234M(245M) 60,800ms
[356,375s][info][gc] GC(103) Pause Full (Ergonomics) 234M->234M(245M) 63,984ms
[356,421s][info][gc] GC(104) Pause Full (Ergonomics) 234M->234M(245M) 45,704ms
[356,497s][info][gc] GC(105) Pause Full (Ergonomics) 234M->234M(245M) 75,148ms
[356,541s][info][gc] GC(106) Pause Full (Ergonomics) 234M->234M(245M) 43,205ms
[356,618s][info][gc] GC(107) Pause Full (Ergonomics) 234M->234M(245M) 76,925ms
Exception in thread "RMI TCP Connection(idle)" [356,684s][info][gc] GC(108) Pause Full (Ergonomics) 234M->234M(245M) 64,738ms
[356,760s][info][gc] GC(109) Pause Full (Ergonomics) 234M->234M(245M) 75,960ms
[356,824s][info][gc] GC(110) Pause Full (Ergonomics) 234M->234M(245M) 63,331ms
[356,871s][info][gc] GC(111) Pause Full (Ergonomics) 234M->234M(245M) 46,681ms
java.lang.OutOfMemoryError: GC overhead limit exceeded
[356,937s][info][gc] GC(112) Pause Full (Ergonomics) 234M->234M(245M) 65,873ms
[356,996s][info][gc] GC(113) Pause Full (Ergonomics) 234M->234M(245M) 58,211ms
[357,059s][info][gc] GC(114) Pause Full (Ergonomics) 234M->234M(245M) 62,383ms
[357,117s][info][gc] GC(115) Pause Full (Ergonomics) 234M->234M(245M) 57,969ms
[357,178s][info][gc] GC(116) Pause Full (Ergonomics) 234M->234M(245M) 60,459ms
[357,246s][info][gc] GC(117) Pause Full (Ergonomics) 234M->234M(245M) 67,420ms
[357,312s][info][gc] GC(118) Pause Full (Ergonomics) 234M->234M(245M) 64,807ms
[357,362s][info][gc] GC(119) Pause Full (Ergonomics) 234M->234M(245M) 49,900ms
[357,426s][info][gc] GC(120) Pause Full (Ergonomics) 234M->234M(245M) 63,403ms
[357,487s][info][gc] GC(121) Pause Full (Ergonomics) 234M->234M(245M) 60,746ms
[357,559s][info][gc] GC(122) Pause Full (Ergonomics) 234M->234M(245M) 71,317ms
[357,615s][info][gc] GC(123) Pause Full (Ergonomics) 234M->234M(245M) 55,487ms
Exception in thread "RMI TCP Connection(idle)" java.lang.OutOfMemoryError: GC overhead limit exceeded
[357,682s][info][gc] GC(124) Pause Full (Ergonomics) 234M->234M(245M) 67,049ms
[357,733s][info][gc] GC(125) Pause Full (Ergonomics) 234M->234M(245M) 50,458ms
[357,799s][info][gc] GC(126) Pause Full (Ergonomics) 234M->234M(245M) 65,566ms
[357,850s][info][gc] GC(127) Pause Full (Ergonomics) 234M->234M(245M) 49,952ms
Exception in thread "RMI TCP Connection(idle)" java.lang.OutOfMemoryError: GC overhead limit exceeded
[357,902s][info][gc] GC(128) Pause Full (Ergonomics) 234M->234M(245M) 51,731ms
[357,952s][info][gc] GC(129) Pause Full (Ergonomics) 234M->234M(245M) 49,427ms
[357,998s][info][gc] GC(130) Pause Full (Ergonomics) 234M->234M(245M) 46,379ms
[358,050s][info][gc] GC(131) Pause Full (Ergonomics) 234M->234M(245M) 51,025ms
[358,099s][info][gc] GC(132) Pause Full (Ergonomics) 234M->234M(245M) 48,901ms
[358,166s][info][gc] GC(133) Pause Full (Ergonomics) 234M->234M(245M) 66,170ms
[358,213s][info][gc] GC(134) Pause Full (Ergonomics) 234M->234M(245M) 47,370ms
[358,295s][info][gc] GC(135) Pause Full (Ergonomics) 234M->234M(245M) 81,644ms
[358,341s][info][gc] GC(136) Pause Full (Ergonomics) 234M->234M(245M) 44,560ms
[358,390s][info][gc] GC(137) Pause Full (Ergonomics) 234M->234M(245M) 48,531ms
[358,460s][info][gc] GC(138) Pause Full (Ergonomics) 234M->234M(245M) 69,487ms
[358,503s][info][gc] GC(139) Pause Full (Ergonomics) 234M->234M(245M) 43,115ms
[358,573s][info][gc] GC(140) Pause Full (Ergonomics) 234M->234M(245M) 68,849ms
[358,617s][info][gc] GC(141) Pause Full (Ergonomics) 234M->234M(245M) 44,392ms
[358,682s][info][gc] GC(142) Pause Full (Ergonomics) 234M->234M(245M) 64,327ms
[358,726s][info][gc] GC(143) Pause Full (Ergonomics) 234M->234M(245M) 43,318ms
Exception in thread "RMI TCP Connection(idle)" [358,789s][info][gc] GC(144) Pause Full (Ergonomics) 234M->234M(245M) 63,153ms
[358,836s][info][gc] GC(145) Pause Full (Ergonomics) 234M->234M(245M) 46,729ms
java.lang.OutOfMemoryError: GC overhead limit exceeded
[358,900s][info][gc] GC(146) Pause Full (Ergonomics) 234M->234M(245M) 63,530ms
[358,951s][info][gc] GC(147) Pause Full (Ergonomics) 234M->234M(245M) 50,219ms
[359,021s][info][gc] GC(148) Pause Full (Ergonomics) 234M->234M(245M) 69,400ms
[359,065s][info][gc] GC(149) Pause Full (Ergonomics) 234M->234M(245M) 43,886ms
[359,129s][info][gc] GC(150) Pause Full (Ergonomics) 234M->234M(245M) 63,565ms
[359,176s][info][gc] GC(151) Pause Full (Ergonomics) 234M->234M(245M) 46,390ms
[359,241s][info][gc] GC(152) Pause Full (Ergonomics) 234M->234M(245M) 64,404ms
[359,286s][info][gc] GC(153) Pause Full (Ergonomics) 234M->234M(245M) 44,820ms
[359,352s][info][gc] GC(154) Pause Full (Ergonomics) 234M->234M(245M) 65,738ms
[359,403s][info][gc] GC(155) Pause Full (Ergonomics) 234M->234M(245M) 50,493ms
[359,469s][info][gc] GC(156) Pause Full (Ergonomics) 234M->234M(245M) 65,378ms
[359,517s][info][gc] GC(157) Pause Full (Ergonomics) 234M->234M(245M) 48,188ms
[359,582s][info][gc] GC(158) Pause Full (Ergonomics) 234M->234M(245M) 64,836ms
[359,634s][info][gc] GC(159) Pause Full (Ergonomics) 234M->234M(245M) 51,395ms
[359,689s][info][gc] GC(160) Pause Full (Ergonomics) 234M->234M(245M) 55,128ms
[359,760s][info][gc] GC(161) Pause Full (Ergonomics) 234M->234M(245M) 70,171ms
[359,804s][info][gc] GC(162) Pause Full (Ergonomics) 234M->234M(245M) 43,561ms
Exception in thread "RMI TCP Connection(idle)" java.lang.OutOfMemoryError: GC overhead limit exceeded
[359,867s][info][gc] GC(163) Pause Full (Ergonomics) 234M->234M(245M) 62,823ms
[359,917s][info][gc] GC(164) Pause Full (Ergonomics) 234M->234M(245M) 49,435ms
[359,986s][info][gc] GC(165) Pause Full (Ergonomics) 234M->234M(245M) 68,830ms
[360,034s][info][gc] GC(166) Pause Full (Ergonomics) 234M->234M(245M) 47,552ms
[360,085s][info][gc] GC(167) Pause Full (Ergonomics) 234M->234M(245M) 51,477ms
[360,152s][info][gc] GC(168) Pause Full (Ergonomics) 234M->234M(245M) 66,618ms
[360,203s][info][gc] GC(169) Pause Full (Ergonomics) 234M->234M(245M) 50,703ms
[360,274s][info][gc] GC(170) Pause Full (Ergonomics) 234M->234M(245M) 70,179ms
[360,329s][info][gc] GC(171) Pause Full (Ergonomics) 234M->234M(245M) 54,652ms
[360,386s][info][gc] GC(172) Pause Full (Ergonomics) 234M->234M(245M) 56,400ms
[360,448s][info][gc] GC(173) Pause Full (Ergonomics) 234M->234M(245M) 61,941ms
[360,498s][info][gc] GC(174) Pause Full (Ergonomics) 234M->234M(245M) 49,382ms
[360,560s][info][gc] GC(175) Pause Full (Ergonomics) 234M->234M(245M) 61,847ms
[360,608s][info][gc] GC(176) Pause Full (Ergonomics) 234M->234M(245M) 47,869ms
[360,658s][info][gc] GC(177) Pause Full (Ergonomics) 234M->234M(245M) 49,535ms
[360,722s][info][gc] GC(178) Pause Full (Ergonomics) 234M->234M(245M) 63,499ms
[360,773s][info][gc] GC(179) Pause Full (Ergonomics) 234M->234M(245M) 51,260ms
[360,838s][info][gc] GC(180) Pause Full (Ergonomics) 234M->234M(245M) 64,474ms
[360,883s][info][gc] GC(181) Pause Full (Ergonomics) 234M->234M(245M) 43,579ms
[360,931s][info][gc] GC(182) Pause Full (Ergonomics) 234M->234M(245M) 47,380ms
[361,000s][info][gc] GC(183) Pause Full (Ergonomics) 234M->234M(245M) 69,494ms
[361,049s][info][gc] GC(184) Pause Full (Ergonomics) 234M->234M(245M) 48,193ms
[361,117s][info][gc] GC(185) Pause Full (Ergonomics) 234M->234M(245M) 67,207ms
[361,167s][info][gc] GC(186) Pause Full (Ergonomics) 234M->234M(245M) 49,517ms
[361,233s][info][gc] GC(187) Pause Full (Ergonomics) 234M->234M(245M) 65,556ms
[361,278s][info][gc] GC(188) Pause Full (Ergonomics) 234M->234M(245M) 44,679ms
[361,341s][info][gc] GC(189) Pause Full (Ergonomics) 234M->234M(245M) 63,425ms
[361,385s][info][gc] GC(190) Pause Full (Ergonomics) 234M->234M(245M) 43,467ms
[361,454s][info][gc] GC(191) Pause Full (Ergonomics) 234M->234M(245M) 68,967ms
[361,500s][info][gc] GC(192) Pause Full (Ergonomics) 234M->234M(245M) 44,946ms
[361,563s][info][gc] GC(193) Pause Full (Ergonomics) 234M->234M(245M) 62,598ms
[361,606s][info][gc] GC(194) Pause Full (Ergonomics) 234M->234M(245M) 42,545ms
[361,669s][info][gc] GC(195) Pause Full (Ergonomics) 234M->234M(245M) 63,272ms
[361,718s][info][gc] GC(196) Pause Full (Ergonomics) 234M->234M(245M) 48,087ms
[361,789s][info][gc] GC(197) Pause Full (Ergonomics) 234M->234M(245M) 70,711ms
[361,832s][info][gc] GC(198) Pause Full (Ergonomics) 234M->234M(245M) 43,515ms
[361,899s][info][gc] GC(199) Pause Full (Ergonomics) 234M->234M(245M) 66,265ms
[361,947s][info][gc] GC(200) Pause Full (Ergonomics) 234M->234M(245M) 48,068ms
[362,011s][info][gc] GC(201) Pause Full (Ergonomics) 234M->234M(245M) 63,355ms
[362,056s][info][gc] GC(202) Pause Full (Ergonomics) 234M->234M(245M) 44,986ms
[362,122s][info][gc] GC(203) Pause Full (Ergonomics) 234M->234M(245M) 65,578ms
[362,166s][info][gc] GC(204) Pause Full (Ergonomics) 234M->234M(245M) 43,455ms
[362,231s][info][gc] GC(205) Pause Full (Ergonomics) 234M->234M(245M) 64,321ms
[362,277s][info][gc] GC(206) Pause Full (Ergonomics) 234M->234M(245M) 45,716ms
[362,344s][info][gc] GC(207) Pause Full (Ergonomics) 234M->234M(245M) 66,843ms
[362,393s][info][gc] GC(208) Pause Full (Ergonomics) 234M->234M(245M) 48,094ms
[362,455s][info][gc] GC(209) Pause Full (Ergonomics) 234M->234M(245M) 62,226ms
[362,499s][info][gc] GC(210) Pause Full (Ergonomics) 234M->234M(245M) 43,184ms
[362,562s][info][gc] GC(211) Pause Full (Ergonomics) 234M->234M(245M) 62,465ms
[362,608s][info][gc] GC(212) Pause Full (Ergonomics) 234M->234M(245M) 45,965ms
[362,687s][info][gc] GC(213) Pause Full (Ergonomics) 234M->234M(245M) 78,790ms
[362,732s][info][gc] GC(214) Pause Full (Ergonomics) 234M->234M(245M) 44,251ms
[362,796s][info][gc] GC(215) Pause Full (Ergonomics) 234M->234M(245M) 63,507ms
[362,852s][info][gc] GC(216) Pause Full (Ergonomics) 234M->234M(245M) 55,705ms
[362,919s][info][gc] GC(217) Pause Full (Ergonomics) 234M->234M(245M) 66,314ms
[362,964s][info][gc] GC(218) Pause Full (Ergonomics) 234M->234M(245M) 45,301ms
[363,031s][info][gc] GC(219) Pause Full (Ergonomics) 234M->234M(245M) 66,130ms
[363,077s][info][gc] GC(220) Pause Full (Ergonomics) 234M->234M(245M) 45,492ms
[363,150s][info][gc] GC(221) Pause Full (Ergonomics) 234M->234M(245M) 72,756ms
[363,194s][info][gc] GC(222) Pause Full (Ergonomics) 234M->234M(245M) 43,404ms
[363,260s][info][gc] GC(223) Pause Full (Ergonomics) 234M->234M(245M) 65,883ms
[363,307s][info][gc] GC(224) Pause Full (Ergonomics) 234M->234M(245M) 46,473ms
[363,373s][info][gc] GC(225) Pause Full (Ergonomics) 234M->234M(245M) 65,758ms
[363,416s][info][gc] GC(226) Pause Full (Ergonomics) 234M->234M(245M) 42,839ms
[363,479s][info][gc] GC(227) Pause Full (Ergonomics) 234M->234M(245M) 62,335ms
[363,523s][info][gc] GC(228) Pause Full (Ergonomics) 234M->234M(245M) 43,847ms
[363,590s][info][gc] GC(229) Pause Full (Ergonomics) 234M->234M(245M) 66,304ms
[363,637s][info][gc] GC(230) Pause Full (Ergonomics) 234M->234M(245M) 47,349ms
[363,707s][info][gc] GC(231) Pause Full (Ergonomics) 234M->234M(245M) 69,476ms
[363,758s][info][gc] GC(232) Pause Full (Ergonomics) 234M->234M(245M) 50,468ms
[363,828s][info][gc] GC(233) Pause Full (Ergonomics) 234M->234M(245M) 69,285ms
[363,877s][info][gc] GC(234) Pause Full (Ergonomics) 234M->234M(245M) 49,570ms
[363,946s][info][gc] GC(235) Pause Full (Ergonomics) 234M->234M(245M) 68,403ms
[364,000s][info][gc] GC(236) Pause Full (Ergonomics) 234M->234M(245M) 52,957ms
[364,068s][info][gc] GC(237) Pause Full (Ergonomics) 234M->234M(245M) 68,053ms
[364,120s][info][gc] GC(238) Pause Full (Ergonomics) 234M->234M(245M) 51,509ms
[364,192s][info][gc] GC(239) Pause Full (Ergonomics) 234M->234M(245M) 71,405ms
[364,243s][info][gc] GC(240) Pause Full (Ergonomics) 234M->234M(245M) 51,150ms
[364,311s][info][gc] GC(241) Pause Full (Ergonomics) 234M->234M(245M) 67,469ms
[364,362s][info][gc] GC(242) Pause Full (Ergonomics) 234M->234M(245M) 51,219ms
[364,440s][info][gc] GC(243) Pause Full (Ergonomics) 234M->234M(245M) 77,452ms
[364,490s][info][gc] GC(244) Pause Full (Ergonomics) 234M->234M(245M) 49,755ms
[364,560s][info][gc] GC(245) Pause Full (Ergonomics) 234M->234M(245M) 68,770ms
[364,613s][info][gc] GC(246) Pause Full (Ergonomics) 234M->234M(245M) 52,874ms
[364,686s][info][gc] GC(247) Pause Full (Ergonomics) 234M->234M(245M) 73,113ms
[364,738s][info][gc] GC(248) Pause Full (Ergonomics) 234M->234M(245M) 51,536ms
[364,817s][info][gc] GC(249) Pause Full (Ergonomics) 234M->234M(245M) 78,040ms
[364,872s][info][gc] GC(250) Pause Full (Ergonomics) 234M->234M(245M) 55,221ms
[364,954s][info][gc] GC(251) Pause Full (Ergonomics) 234M->234M(245M) 81,916ms
[365,009s][info][gc] GC(252) Pause Full (Ergonomics) 234M->234M(245M) 54,378ms
[365,078s][info][gc] GC(253) Pause Full (Ergonomics) 234M->234M(245M) 68,373ms
[365,129s][info][gc] GC(254) Pause Full (Ergonomics) 234M->234M(245M) 50,422ms
[365,212s][info][gc] GC(255) Pause Full (Ergonomics) 234M->234M(245M) 82,795ms
[365,264s][info][gc] GC(256) Pause Full (Ergonomics) 234M->234M(245M) 51,238ms
[365,338s][info][gc] GC(257) Pause Full (Ergonomics) 234M->234M(245M) 73,879ms
[365,410s][info][gc] GC(258) Pause Full (Ergonomics) 234M->234M(245M) 72,001ms
[365,460s][info][gc] GC(259) Pause Full (Ergonomics) 234M->234M(245M) 48,802ms
[365,529s][info][gc] GC(260) Pause Full (Ergonomics) 234M->234M(245M) 69,123ms
[365,579s][info][gc] GC(261) Pause Full (Ergonomics) 234M->234M(245M) 49,920ms
[365,648s][info][gc] GC(262) Pause Full (Ergonomics) 234M->234M(245M) 68,443ms
[365,697s][info][gc] GC(263) Pause Full (Ergonomics) 234M->234M(245M) 48,219ms
[365,775s][info][gc] GC(264) Pause Full (Ergonomics) 234M->234M(245M) 77,427ms
[365,820s][info][gc] GC(265) Pause Full (Ergonomics) 234M->234M(245M) 45,180ms
[365,884s][info][gc] GC(266) Pause Full (Ergonomics) 234M->234M(245M) 63,570ms
[365,931s][info][gc] GC(267) Pause Full (Ergonomics) 234M->234M(245M) 46,697ms
[366,001s][info][gc] GC(268) Pause Full (Ergonomics) 234M->234M(245M) 70,021ms
[366,048s][info][gc] GC(269) Pause Full (Ergonomics) 234M->234M(245M) 45,796ms
[366,116s][info][gc] GC(270) Pause Full (Ergonomics) 234M->234M(245M) 68,612ms
[366,165s][info][gc] GC(271) Pause Full (Ergonomics) 234M->234M(245M) 48,042ms
[366,236s][info][gc] GC(272) Pause Full (Ergonomics) 234M->234M(245M) 70,704ms
[366,305s][info][gc] GC(273) Pause Full (Ergonomics) 234M->234M(245M) 68,343ms
[366,358s][info][gc] GC(274) Pause Full (Ergonomics) 234M->234M(245M) 52,890ms
[366,437s][info][gc] GC(275) Pause Full (Ergonomics) 234M->234M(245M) 79,244ms
[366,488s][info][gc] GC(276) Pause Full (Ergonomics) 234M->234M(245M) 49,934ms
[366,555s][info][gc] GC(277) Pause Full (Ergonomics) 234M->234M(245M) 66,732ms
[366,607s][info][gc] GC(278) Pause Full (Ergonomics) 234M->234M(245M) 51,628ms
[366,673s][info][gc] GC(279) Pause Full (Ergonomics) 234M->234M(245M) 65,496ms
[366,716s][info][gc] GC(280) Pause Full (Ergonomics) 234M->234M(245M) 43,196ms
[366,785s][info][gc] GC(281) Pause Full (Ergonomics) 234M->234M(245M) 67,773ms
[366,830s][info][gc] GC(282) Pause Full (Ergonomics) 234M->234M(245M) 45,236ms
[366,916s][info][gc] GC(283) Pause Full (Ergonomics) 234M->234M(245M) 85,014ms
[366,969s][info][gc] GC(284) Pause Full (Ergonomics) 234M->234M(245M) 52,942ms
[367,039s][info][gc] GC(285) Pause Full (Ergonomics) 234M->234M(245M) 69,703ms
[367,086s][info][gc] GC(286) Pause Full (Ergonomics) 234M->234M(245M) 47,160ms
[367,155s][info][gc] GC(287) Pause Full (Ergonomics) 234M->234M(245M) 67,785ms
[367,200s][info][gc] GC(288) Pause Full (Ergonomics) 234M->234M(245M) 44,790ms
[367,279s][info][gc] GC(289) Pause Full (Ergonomics) 234M->234M(245M) 79,315ms
[367,341s][info][gc] GC(290) Pause Full (Ergonomics) 234M->234M(245M) 61,432ms
[367,411s][info][gc] GC(291) Pause Full (Ergonomics) 234M->234M(245M) 69,859ms
[367,462s][info][gc] GC(292) Pause Full (Ergonomics) 234M->234M(245M) 49,997ms
[367,533s][info][gc] GC(293) Pause Full (Ergonomics) 234M->234M(245M) 70,612ms
[367,587s][info][gc] GC(294) Pause Full (Ergonomics) 234M->234M(245M) 54,155ms
[367,659s][info][gc] GC(295) Pause Full (Ergonomics) 234M->234M(245M) 71,626ms
[367,703s][info][gc] GC(296) Pause Full (Ergonomics) 234M->234M(245M) 43,553ms
[367,771s][info][gc] GC(297) Pause Full (Ergonomics) 234M->234M(245M) 67,143ms
[367,817s][info][gc] GC(298) Pause Full (Ergonomics) 234M->234M(245M) 45,647ms
[367,885s][info][gc] GC(299) Pause Full (Ergonomics) 234M->234M(245M) 67,969ms
[367,953s][info][gc] GC(300) Pause Full (Ergonomics) 234M->234M(245M) 67,485ms
[368,015s][info][gc] GC(301) Pause Full (Ergonomics) 234M->234M(245M) 61,856ms
[368,078s][info][gc] GC(302) Pause Full (Ergonomics) 234M->234M(245M) 63,015ms
[368,138s][info][gc] GC(303) Pause Full (Ergonomics) 234M->234M(245M) 58,951ms
[368,204s][info][gc] GC(304) Pause Full (Ergonomics) 234M->234M(245M) 65,867ms
[368,272s][info][gc] GC(305) Pause Full (Ergonomics) 234M->234M(245M) 67,918ms
[368,337s][info][gc] GC(306) Pause Full (Ergonomics) 234M->234M(245M) 64,122ms
[368,404s][info][gc] GC(307) Pause Full (Ergonomics) 234M->234M(245M) 66,741ms
[368,449s][info][gc] GC(308) Pause Full (Ergonomics) 234M->234M(245M) 44,410ms
[368,515s][info][gc] GC(309) Pause Full (Ergonomics) 234M->234M(245M) 65,272ms
[368,558s][info][gc] GC(310) Pause Full (Ergonomics) 234M->234M(245M) 43,048ms
Exception in thread "RMI TCP Connection(idle)" java.lang.OutOfMemoryError: GC overhead limit exceeded
[368,622s][info][gc] GC(311) Pause Full (Ergonomics) 234M->234M(245M) 62,839ms
[368,670s][info][gc] GC(312) Pause Full (Ergonomics) 234M->234M(245M) 48,251ms
[368,735s][info][gc] GC(313) Pause Full (Ergonomics) 234M->234M(245M) 64,352ms
[368,779s][info][gc] GC(314) Pause Full (Ergonomics) 234M->234M(245M) 43,117ms
[368,850s][info][gc] GC(315) Pause Full (Ergonomics) 234M->234M(245M) 70,387ms
[368,902s][info][gc] GC(316) Pause Full (Ergonomics) 234M->234M(245M) 52,520ms
[368,955s][info][gc] GC(317) Pause Full (Ergonomics) 234M->234M(245M) 52,033ms
[369,023s][info][gc] GC(318) Pause Full (Ergonomics) 234M->234M(245M) 67,379ms
[369,085s][info][gc] GC(319) Pause Full (Ergonomics) 234M->234M(245M) 61,575ms
Exception in thread "RMI TCP Connection(idle)" [369,154s][info][gc] GC(320) Pause Full (Ergonomics) 234M->234M(245M) 68,763ms
[369,199s][info][gc] GC(321) Pause Full (Ergonomics) 234M->234M(245M) 45,042ms
java.lang.OutOfMemoryError: GC overhead limit exceeded
[369,273s][info][gc] GC(322) Pause Full (Ergonomics) 234M->234M(245M) 73,254ms
[369,323s][info][gc] GC(323) Pause Full (Ergonomics) 234M->234M(245M) 49,767ms
[369,395s][info][gc] GC(324) Pause Full (Ergonomics) 234M->234M(245M) 72,051ms
[369,447s][info][gc] GC(325) Pause Full (Ergonomics) 234M->234M(245M) 51,743ms
[369,520s][info][gc] GC(326) Pause Full (Ergonomics) 234M->234M(245M) 72,471ms
[369,568s][info][gc] GC(327) Pause Full (Ergonomics) 234M->234M(245M) 47,617ms
[369,622s][info][gc] GC(328) Pause Full (Ergonomics) 234M->234M(245M) 53,267ms
[369,674s][info][gc] GC(329) Pause Full (Ergonomics) 234M->234M(245M) 52,423ms
[369,746s][info][gc] GC(330) Pause Full (Ergonomics) 234M->234M(245M) 70,998ms
[369,795s][info][gc] GC(331) Pause Full (Ergonomics) 234M->234M(245M) 49,545ms
[369,843s][info][gc] GC(332) Pause Full (Ergonomics) 234M->234M(245M) 47,430ms
[369,917s][info][gc] GC(333) Pause Full (Ergonomics) 234M->234M(245M) 73,786ms
[369,966s][info][gc] GC(334) Pause Full (Ergonomics) 234M->234M(245M) 48,744ms
[370,029s][info][gc] GC(335) Pause Full (Ergonomics) 234M->234M(245M) 61,904ms
[370,073s][info][gc] GC(336) Pause Full (Ergonomics) 234M->234M(245M) 44,537ms
[370,146s][info][gc] GC(337) Pause Full (Ergonomics) 234M->234M(245M) 71,605ms
[370,197s][info][gc] GC(338) Pause Full (Ergonomics) 234M->234M(245M) 51,316ms
[370,261s][info][gc] GC(339) Pause Full (Ergonomics) 234M->234M(245M) 63,183ms
[370,308s][info][gc] GC(340) Pause Full (Ergonomics) 234M->234M(245M) 47,288ms
[370,376s][info][gc] GC(341) Pause Full (Ergonomics) 234M->234M(245M) 67,245ms
[370,419s][info][gc] GC(342) Pause Full (Ergonomics) 234M->234M(245M) 42,979ms
[370,488s][info][gc] GC(343) Pause Full (Ergonomics) 234M->234M(245M) 67,883ms
[370,533s][info][gc] GC(344) Pause Full (Ergonomics) 234M->234M(245M) 45,171ms
[370,596s][info][gc] GC(345) Pause Full (Ergonomics) 234M->234M(245M) 62,363ms
[370,649s][info][gc] GC(346) Pause Full (Ergonomics) 234M->234M(245M) 53,042ms
[370,716s][info][gc] GC(347) Pause Full (Ergonomics) 234M->234M(245M) 66,078ms
[370,782s][info][gc] GC(348) Pause Full (Ergonomics) 234M->234M(245M) 65,887ms
[370,826s][info][gc] GC(349) Pause Full (Ergonomics) 234M->234M(245M) 43,141ms
[370,895s][info][gc] GC(350) Pause Full (Ergonomics) 234M->234M(245M) 69,046ms
[370,944s][info][gc] GC(351) Pause Full (Ergonomics) 234M->234M(245M) 48,130ms
[371,016s][info][gc] GC(352) Pause Full (Ergonomics) 234M->234M(245M) 71,844ms
[371,066s][info][gc] GC(353) Pause Full (Ergonomics) 234M->234M(245M) 49,391ms
[371,130s][info][gc] GC(354) Pause Full (Ergonomics) 234M->234M(245M) 64,054ms
[371,192s][info][gc] GC(355) Pause Full (Ergonomics) 234M->234M(245M) 61,950ms
[371,238s][info][gc] GC(356) Pause Full (Ergonomics) 234M->234M(245M) 45,424ms
[371,306s][info][gc] GC(357) Pause Full (Ergonomics) 234M->234M(245M) 67,676ms
[371,369s][info][gc] GC(358) Pause Full (Ergonomics) 234M->234M(245M) 62,296ms
[371,417s][info][gc] GC(359) Pause Full (Ergonomics) 234M->234M(245M) 47,877ms
[371,492s][info][gc] GC(360) Pause Full (Ergonomics) 234M->234M(245M) 74,139ms
[371,535s][info][gc] GC(361) Pause Full (Ergonomics) 234M->234M(245M) 43,093ms
[371,600s][info][gc] GC(362) Pause Full (Ergonomics) 234M->234M(245M) 64,364ms
[371,650s][info][gc] GC(363) Pause Full (Ergonomics) 234M->234M(245M) 49,879ms
[371,719s][info][gc] GC(364) Pause Full (Ergonomics) 234M->234M(245M) 68,686ms
[371,778s][info][gc] GC(365) Pause Full (Ergonomics) 234M->234M(245M) 58,486ms
[371,849s][info][gc] GC(366) Pause Full (Ergonomics) 234M->234M(245M) 70,989ms
[371,901s][info][gc] GC(367) Pause Full (Ergonomics) 234M->234M(245M) 51,583ms
[371,970s][info][gc] GC(368) Pause Full (Ergonomics) 234M->234M(245M) 68,344ms
[372,017s][info][gc] GC(369) Pause Full (Ergonomics) 234M->234M(245M) 46,848ms
[372,085s][info][gc] GC(370) Pause Full (Ergonomics) 234M->234M(245M) 67,020ms
[372,137s][info][gc] GC(371) Pause Full (Ergonomics) 234M->234M(245M) 51,886ms
[372,209s][info][gc] GC(372) Pause Full (Ergonomics) 234M->234M(245M) 71,616ms
[372,260s][info][gc] GC(373) Pause Full (Ergonomics) 234M->234M(245M) 51,236ms
[372,327s][info][gc] GC(374) Pause Full (Ergonomics) 234M->234M(245M) 66,662ms
[372,376s][info][gc] GC(375) Pause Full (Ergonomics) 234M->234M(245M) 48,145ms
[372,446s][info][gc] GC(376) Pause Full (Ergonomics) 234M->234M(245M) 70,331ms
[372,499s][info][gc] GC(377) Pause Full (Ergonomics) 234M->234M(245M) 51,763ms
[372,571s][info][gc] GC(378) Pause Full (Ergonomics) 234M->234M(245M) 71,715ms
[372,625s][info][gc] GC(379) Pause Full (Ergonomics) 234M->234M(245M) 53,761ms
[372,699s][info][gc] GC(380) Pause Full (Ergonomics) 234M->234M(245M) 73,533ms
[372,752s][info][gc] GC(381) Pause Full (Ergonomics) 234M->234M(245M) 53,048ms
[372,828s][info][gc] GC(382) Pause Full (Ergonomics) 234M->234M(245M) 75,304ms
[372,873s][info][gc] GC(383) Pause Full (Ergonomics) 234M->234M(245M) 44,331ms
[372,939s][info][gc] GC(384) Pause Full (Ergonomics) 234M->234M(245M) 65,724ms
[372,986s][info][gc] GC(385) Pause Full (Ergonomics) 234M->234M(245M) 47,398ms
[373,060s][info][gc] GC(386) Pause Full (Ergonomics) 234M->234M(245M) 73,059ms
[373,110s][info][gc] GC(387) Pause Full (Ergonomics) 234M->234M(245M) 49,883ms
[373,174s][info][gc] GC(388) Pause Full (Ergonomics) 234M->234M(245M) 63,756ms
[373,223s][info][gc] GC(389) Pause Full (Ergonomics) 234M->234M(245M) 48,295ms
[373,297s][info][gc] GC(390) Pause Full (Ergonomics) 234M->234M(245M) 73,575ms
[373,347s][info][gc] GC(391) Pause Full (Ergonomics) 234M->234M(245M) 50,645ms
[373,411s][info][gc] GC(392) Pause Full (Ergonomics) 234M->234M(245M) 63,095ms
[373,462s][info][gc] GC(393) Pause Full (Ergonomics) 234M->234M(245M) 50,377ms
[373,536s][info][gc] GC(394) Pause Full (Ergonomics) 234M->234M(245M) 73,531ms
[373,580s][info][gc] GC(395) Pause Full (Ergonomics) 234M->234M(245M) 44,008ms
[373,646s][info][gc] GC(396) Pause Full (Ergonomics) 234M->234M(245M) 64,904ms
[373,690s][info][gc] GC(397) Pause Full (Ergonomics) 234M->234M(245M) 43,786ms
[373,760s][info][gc] GC(398) Pause Full (Ergonomics) 234M->234M(245M) 70,091ms
[373,813s][info][gc] GC(399) Pause Full (Ergonomics) 234M->234M(245M) 52,664ms
[373,877s][info][gc] GC(400) Pause Full (Ergonomics) 234M->234M(245M) 63,224ms
[373,922s][info][gc] GC(401) Pause Full (Ergonomics) 234M->234M(245M) 44,112ms
[373,994s][info][gc] GC(402) Pause Full (Ergonomics) 234M->234M(245M) 71,772ms
[374,064s][info][gc] GC(403) Pause Full (Ergonomics) 234M->234M(245M) 69,396ms
[374,112s][info][gc] GC(404) Pause Full (Ergonomics) 234M->234M(245M) 48,168ms
[374,179s][info][gc] GC(405) Pause Full (Ergonomics) 234M->234M(245M) 66,322ms
[374,235s][info][gc] GC(406) Pause Full (Ergonomics) 234M->234M(245M) 55,712ms
[374,306s][info][gc] GC(407) Pause Full (Ergonomics) 234M->234M(245M) 70,858ms
[374,353s][info][gc] GC(408) Pause Full (Ergonomics) 234M->234M(245M) 46,959ms
[374,418s][info][gc] GC(409) Pause Full (Ergonomics) 234M->234M(245M) 64,417ms
[374,467s][info][gc] GC(410) Pause Full (Ergonomics) 234M->234M(245M) 48,323ms
[374,537s][info][gc] GC(411) Pause Full (Ergonomics) 234M->234M(245M) 69,766ms
[374,583s][info][gc] GC(412) Pause Full (Ergonomics) 234M->234M(245M) 45,731ms
[374,667s][info][gc] GC(413) Pause Full (Ergonomics) 234M->234M(245M) 84,020ms
[374,721s][info][gc] GC(414) Pause Full (Ergonomics) 234M->234M(245M) 53,472ms
[374,800s][info][gc] GC(415) Pause Full (Ergonomics) 234M->234M(245M) 78,640ms
[374,855s][info][gc] GC(416) Pause Full (Ergonomics) 234M->234M(245M) 54,761ms
[374,931s][info][gc] GC(417) Pause Full (Ergonomics) 234M->234M(245M) 74,767ms
[375,011s][info][gc] GC(418) Pause Full (Ergonomics) 234M->234M(245M) 80,409ms
[375,065s][info][gc] GC(419) Pause Full (Ergonomics) 234M->234M(245M) 53,033ms
[375,138s][info][gc] GC(420) Pause Full (Ergonomics) 234M->234M(245M) 72,366ms
[375,190s][info][gc] GC(421) Pause Full (Ergonomics) 234M->234M(245M) 51,827ms
[375,270s][info][gc] GC(422) Pause Full (Ergonomics) 234M->234M(245M) 79,925ms
[375,315s][info][gc] GC(423) Pause Full (Ergonomics) 234M->234M(245M) 44,559ms
[375,389s][info][gc] GC(424) Pause Full (Ergonomics) 234M->234M(245M) 73,327ms
[375,435s][info][gc] GC(425) Pause Full (Ergonomics) 234M->234M(245M) 45,991ms
[375,507s][info][gc] GC(426) Pause Full (Ergonomics) 234M->234M(245M) 72,145ms
[375,552s][info][gc] GC(427) Pause Full (Ergonomics) 234M->234M(245M) 44,213ms
[375,628s][info][gc] GC(428) Pause Full (Ergonomics) 234M->234M(245M) 74,772ms
[375,682s][info][gc] GC(429) Pause Full (Ergonomics) 234M->234M(245M) 53,783ms
[375,756s][info][gc] GC(430) Pause Full (Ergonomics) 234M->234M(245M) 73,656ms
[375,806s][info][gc] GC(431) Pause Full (Ergonomics) 234M->234M(245M) 50,508ms
[375,873s][info][gc] GC(432) Pause Full (Ergonomics) 234M->234M(245M) 66,264ms
[375,938s][info][gc] GC(433) Pause Full (Ergonomics) 234M->234M(245M) 64,318ms
[375,982s][info][gc] GC(434) Pause Full (Ergonomics) 234M->234M(245M) 43,441ms
[376,054s][info][gc] GC(435) Pause Full (Ergonomics) 234M->234M(245M) 72,124ms
[376,100s][info][gc] GC(436) Pause Full (Ergonomics) 234M->234M(245M) 45,410ms
[376,173s][info][gc] GC(437) Pause Full (Ergonomics) 234M->234M(245M) 72,319ms
[376,222s][info][gc] GC(438) Pause Full (Ergonomics) 234M->234M(245M) 48,786ms
[376,289s][info][gc] GC(439) Pause Full (Ergonomics) 234M->234M(245M) 66,588ms
[376,334s][info][gc] GC(440) Pause Full (Ergonomics) 234M->234M(245M) 45,018ms
[376,403s][info][gc] GC(441) Pause Full (Ergonomics) 234M->234M(245M) 68,524ms
[376,446s][info][gc] GC(442) Pause Full (Ergonomics) 234M->234M(245M) 42,532ms
[376,518s][info][gc] GC(443) Pause Full (Ergonomics) 234M->234M(245M) 71,554ms
[376,567s][info][gc] GC(444) Pause Full (Ergonomics) 234M->234M(245M) 49,027ms
[376,635s][info][gc] GC(445) Pause Full (Ergonomics) 234M->234M(245M) 67,263ms
[376,678s][info][gc] GC(446) Pause Full (Ergonomics) 234M->234M(245M) 43,175ms
[376,744s][info][gc] GC(447) Pause Full (Ergonomics) 234M->234M(245M) 66,037ms
[376,817s][info][gc] GC(448) Pause Full (Ergonomics) 234M->234M(245M) 71,713ms
[376,866s][info][gc] GC(449) Pause Full (Ergonomics) 234M->234M(245M) 48,993ms
[376,935s][info][gc] GC(450) Pause Full (Ergonomics) 234M->234M(245M) 68,846ms
[376,981s][info][gc] GC(451) Pause Full (Ergonomics) 234M->234M(245M) 46,042ms
[377,059s][info][gc] GC(452) Pause Full (Ergonomics) 234M->234M(245M) 77,010ms
[377,118s][info][gc] GC(453) Pause Full (Ergonomics) 234M->234M(245M) 58,616ms
[377,161s][info][gc] GC(454) Pause Full (Ergonomics) 234M->234M(245M) 42,808ms
[377,226s][info][gc] GC(455) Pause Full (Ergonomics) 234M->234M(245M) 64,497ms
[377,271s][info][gc] GC(456) Pause Full (Ergonomics) 234M->234M(245M) 45,279ms
[377,337s][info][gc] GC(457) Pause Full (Ergonomics) 234M->234M(245M) 65,742ms
[377,382s][info][gc] GC(458) Pause Full (Ergonomics) 234M->234M(245M) 44,817ms
[377,450s][info][gc] GC(459) Pause Full (Ergonomics) 234M->234M(245M) 66,779ms
[377,504s][info][gc] GC(460) Pause Full (Ergonomics) 234M->234M(245M) 54,396ms
[377,569s][info][gc] GC(461) Pause Full (Ergonomics) 234M->234M(245M) 64,640ms
[377,614s][info][gc] GC(462) Pause Full (Ergonomics) 234M->234M(245M) 44,981ms
[377,684s][info][gc] GC(463) Pause Full (Ergonomics) 234M->234M(245M) 69,063ms
[377,729s][info][gc] GC(464) Pause Full (Ergonomics) 234M->234M(245M) 44,680ms
[377,801s][info][gc] GC(465) Pause Full (Ergonomics) 234M->234M(245M) 71,920ms
[377,855s][info][gc] GC(466) Pause Full (Ergonomics) 234M->234M(245M) 53,714ms
[377,920s][info][gc] GC(467) Pause Full (Ergonomics) 234M->234M(245M) 64,367ms
[377,973s][info][gc] GC(468) Pause Full (Ergonomics) 234M->234M(245M) 53,185ms
[378,039s][info][gc] GC(469) Pause Full (Ergonomics) 234M->234M(245M) 65,432ms
[378,083s][info][gc] GC(470) Pause Full (Ergonomics) 234M->234M(245M) 43,773ms
[378,149s][info][gc] GC(471) Pause Full (Ergonomics) 234M->234M(245M) 65,078ms
[378,194s][info][gc] GC(472) Pause Full (Ergonomics) 234M->234M(245M) 45,263ms
[378,259s][info][gc] GC(473) Pause Full (Ergonomics) 234M->234M(245M) 63,899ms
[378,304s][info][gc] GC(474) Pause Full (Ergonomics) 234M->234M(245M) 44,864ms
[378,368s][info][gc] GC(475) Pause Full (Ergonomics) 234M->234M(245M) 63,628ms
[378,412s][info][gc] GC(476) Pause Full (Ergonomics) 234M->234M(245M) 44,353ms
[378,477s][info][gc] GC(477) Pause Full (Ergonomics) 234M->234M(245M) 63,808ms
[378,524s][info][gc] GC(478) Pause Full (Ergonomics) 234M->234M(245M) 47,598ms
[378,598s][info][gc] GC(479) Pause Full (Ergonomics) 234M->234M(245M) 72,879ms
[378,647s][info][gc] GC(480) Pause Full (Ergonomics) 234M->234M(245M) 48,855ms
[378,718s][info][gc] GC(481) Pause Full (Ergonomics) 234M->234M(245M) 70,323ms
[378,767s][info][gc] GC(482) Pause Full (Ergonomics) 234M->234M(245M) 49,359ms
[378,834s][info][gc] GC(483) Pause Full (Ergonomics) 234M->234M(245M) 66,100ms
[378,879s][info][gc] GC(484) Pause Full (Ergonomics) 234M->234M(245M) 44,650ms
[378,949s][info][gc] GC(485) Pause Full (Ergonomics) 234M->234M(245M) 69,996ms
[378,996s][info][gc] GC(486) Pause Full (Ergonomics) 234M->234M(245M) 46,322ms
[379,061s][info][gc] GC(487) Pause Full (Ergonomics) 234M->234M(245M) 64,623ms
[379,108s][info][gc] GC(488) Pause Full (Ergonomics) 234M->234M(245M) 47,231ms
[379,172s][info][gc] GC(489) Pause Full (Ergonomics) 234M->234M(245M) 63,682ms
[379,220s][info][gc] GC(490) Pause Full (Ergonomics) 234M->234M(245M) 48,042ms
[379,287s][info][gc] GC(491) Pause Full (Ergonomics) 234M->234M(245M) 65,888ms
[379,335s][info][gc] GC(492) Pause Full (Ergonomics) 234M->234M(245M) 47,748ms
[379,399s][info][gc] GC(493) Pause Full (Ergonomics) 234M->234M(245M) 63,482ms
[379,444s][info][gc] GC(494) Pause Full (Ergonomics) 234M->234M(245M) 45,003ms
[379,508s][info][gc] GC(495) Pause Full (Ergonomics) 234M->234M(245M) 63,295ms
[379,556s][info][gc] GC(496) Pause Full (Ergonomics) 234M->234M(245M) 47,504ms
[379,623s][info][gc] GC(497) Pause Full (Ergonomics) 234M->234M(245M) 66,497ms
[379,668s][info][gc] GC(498) Pause Full (Ergonomics) 234M->234M(245M) 44,499ms
[379,715s][info][gc] GC(499) Pause Full (Ergonomics) 234M->234M(245M) 46,878ms
[379,784s][info][gc] GC(500) Pause Full (Ergonomics) 234M->234M(245M) 68,996ms
[379,834s][info][gc] GC(501) Pause Full (Ergonomics) 234M->234M(245M) 49,211ms
[379,900s][info][gc] GC(502) Pause Full (Ergonomics) 234M->234M(245M) 65,846ms
[379,953s][info][gc] GC(503) Pause Full (Ergonomics) 234M->234M(245M) 52,577ms
[380,023s][info][gc] GC(504) Pause Full (Ergonomics) 234M->234M(245M) 70,077ms
[380,075s][info][gc] GC(505) Pause Full (Ergonomics) 234M->234M(245M) 51,741ms
[380,138s][info][gc] GC(506) Pause Full (Ergonomics) 234M->234M(245M) 62,498ms
[380,186s][info][gc] GC(507) Pause Full (Ergonomics) 234M->234M(245M) 47,903ms
[380,257s][info][gc] GC(508) Pause Full (Ergonomics) 234M->234M(245M) 70,143ms
[380,303s][info][gc] GC(509) Pause Full (Ergonomics) 234M->234M(245M) 45,697ms
[380,376s][info][gc] GC(510) Pause Full (Ergonomics) 234M->234M(245M) 73,221ms
[380,424s][info][gc] GC(511) Pause Full (Ergonomics) 234M->234M(245M) 47,718ms
[380,496s][info][gc] GC(512) Pause Full (Ergonomics) 234M->234M(245M) 71,269ms
[380,560s][info][gc] GC(513) Pause Full (Ergonomics) 234M->234M(245M) 63,767ms
[380,612s][info][gc] GC(514) Pause Full (Ergonomics) 234M->234M(245M) 51,812ms
[380,682s][info][gc] GC(515) Pause Full (Ergonomics) 234M->234M(245M) 69,503ms
[380,732s][info][gc] GC(516) Pause Full (Ergonomics) 234M->234M(245M) 49,694ms
[380,795s][info][gc] GC(517) Pause Full (Ergonomics) 234M->234M(245M) 62,932ms
[380,840s][info][gc] GC(518) Pause Full (Ergonomics) 234M->234M(245M) 43,925ms
[380,915s][info][gc] GC(519) Pause Full (Ergonomics) 234M->234M(245M) 74,760ms
[380,966s][info][gc] GC(520) Pause Full (Ergonomics) 234M->234M(245M) 51,426ms
[381,035s][info][gc] GC(521) Pause Full (Ergonomics) 234M->234M(245M) 67,855ms
[381,078s][info][gc] GC(522) Pause Full (Ergonomics) 234M->234M(245M) 43,033ms
[381,146s][info][gc] GC(523) Pause Full (Ergonomics) 234M->234M(245M) 67,461ms
[381,196s][info][gc] GC(524) Pause Full (Ergonomics) 234M->234M(245M) 50,410ms
[381,269s][info][gc] GC(525) Pause Full (Ergonomics) 234M->234M(245M) 71,772ms
[381,319s][info][gc] GC(526) Pause Full (Ergonomics) 234M->234M(245M) 50,007ms
[381,382s][info][gc] GC(527) Pause Full (Ergonomics) 234M->234M(245M) 63,187ms
[381,429s][info][gc] GC(528) Pause Full (Ergonomics) 234M->234M(245M) 46,213ms
[381,501s][info][gc] GC(529) Pause Full (Ergonomics) 234M->234M(245M) 72,050ms
[381,550s][info][gc] GC(530) Pause Full (Ergonomics) 234M->234M(245M) 48,657ms
[381,613s][info][gc] GC(531) Pause Full (Ergonomics) 234M->234M(245M) 62,248ms
[381,660s][info][gc] GC(532) Pause Full (Ergonomics) 234M->234M(245M) 46,921ms
[381,730s][info][gc] GC(533) Pause Full (Ergonomics) 234M->234M(245M) 69,216ms
[381,775s][info][gc] GC(534) Pause Full (Ergonomics) 234M->234M(245M) 45,563ms
[381,839s][info][gc] GC(535) Pause Full (Ergonomics) 234M->234M(245M) 62,713ms
[381,884s][info][gc] GC(536) Pause Full (Ergonomics) 234M->234M(245M) 45,181ms
[381,951s][info][gc] GC(537) Pause Full (Ergonomics) 234M->234M(245M) 66,455ms
[382,011s][info][gc] GC(538) Pause Full (Ergonomics) 234M->234M(245M) 59,623ms
[382,058s][info][gc] GC(539) Pause Full (Ergonomics) 234M->234M(245M) 47,178ms
[382,130s][info][gc] GC(540) Pause Full (Ergonomics) 234M->234M(245M) 71,174ms
[382,178s][info][gc] GC(541) Pause Full (Ergonomics) 234M->234M(245M) 48,154ms
[382,252s][info][gc] GC(542) Pause Full (Ergonomics) 234M->234M(245M) 73,322ms
[382,303s][info][gc] GC(543) Pause Full (Ergonomics) 234M->234M(245M) 50,749ms
[382,370s][info][gc] GC(544) Pause Full (Ergonomics) 234M->234M(245M) 66,412ms
[382,421s][info][gc] GC(545) Pause Full (Ergonomics) 234M->234M(245M) 51,290ms
[382,498s][info][gc] GC(546) Pause Full (Ergonomics) 234M->234M(245M) 75,821ms
[382,550s][info][gc] GC(547) Pause Full (Ergonomics) 234M->234M(245M) 51,736ms
[382,620s][info][gc] GC(548) Pause Full (Ergonomics) 234M->234M(245M) 69,822ms
[382,663s][info][gc] GC(549) Pause Full (Ergonomics) 234M->234M(245M) 42,910ms
[382,729s][info][gc] GC(550) Pause Full (Ergonomics) 234M->234M(245M) 65,355ms
[382,772s][info][gc] GC(551) Pause Full (Ergonomics) 234M->234M(245M) 43,115ms
[382,839s][info][gc] GC(552) Pause Full (Ergonomics) 234M->234M(245M) 66,333ms
[382,906s][info][gc] GC(553) Pause Full (Ergonomics) 234M->234M(245M) 66,722ms
[382,953s][info][gc] GC(554) Pause Full (Ergonomics) 234M->234M(245M) 46,778ms
[383,022s][info][gc] GC(555) Pause Full (Ergonomics) 234M->234M(245M) 68,516ms
[383,072s][info][gc] GC(556) Pause Full (Ergonomics) 234M->234M(245M) 49,244ms
[383,140s][info][gc] GC(557) Pause Full (Ergonomics) 234M->234M(245M) 67,724ms
[383,185s][info][gc] GC(558) Pause Full (Ergonomics) 234M->234M(245M) 45,099ms
[383,253s][info][gc] GC(559) Pause Full (Ergonomics) 234M->234M(245M) 66,914ms
[383,299s][info][gc] GC(560) Pause Full (Ergonomics) 234M->234M(245M) 46,567ms
[383,366s][info][gc] GC(561) Pause Full (Ergonomics) 234M->234M(245M) 66,000ms
[383,421s][info][gc] GC(562) Pause Full (Ergonomics) 234M->234M(245M) 54,641ms
[383,488s][info][gc] GC(563) Pause Full (Ergonomics) 234M->234M(245M) 66,686ms
[383,534s][info][gc] GC(564) Pause Full (Ergonomics) 234M->234M(245M) 46,280ms
[383,601s][info][gc] GC(565) Pause Full (Ergonomics) 234M->234M(245M) 66,220ms
[383,648s][info][gc] GC(566) Pause Full (Ergonomics) 234M->234M(245M) 46,596ms
[383,717s][info][gc] GC(567) Pause Full (Ergonomics) 234M->234M(245M) 68,745ms
[383,764s][info][gc] GC(568) Pause Full (Ergonomics) 234M->234M(245M) 46,526ms
[383,835s][info][gc] GC(569) Pause Full (Ergonomics) 234M->234M(245M) 71,195ms
[383,880s][info][gc] GC(570) Pause Full (Ergonomics) 234M->234M(245M) 44,640ms
[383,946s][info][gc] GC(571) Pause Full (Ergonomics) 234M->234M(245M) 65,437ms
[384,000s][info][gc] GC(572) Pause Full (Ergonomics) 234M->234M(245M) 53,801ms
[384,068s][info][gc] GC(573) Pause Full (Ergonomics) 234M->234M(245M) 67,084ms
[384,111s][info][gc] GC(574) Pause Full (Ergonomics) 234M->234M(245M) 43,297ms
[384,179s][info][gc] GC(575) Pause Full (Ergonomics) 234M->234M(245M) 66,989ms
[384,224s][info][gc] GC(576) Pause Full (Ergonomics) 234M->234M(245M) 45,058ms
[384,296s][info][gc] GC(577) Pause Full (Ergonomics) 234M->234M(245M) 71,841ms
[384,355s][info][gc] GC(578) Pause Full (Ergonomics) 234M->234M(245M) 58,364ms
[384,398s][info][gc] GC(579) Pause Full (Ergonomics) 234M->234M(245M) 42,479ms
[384,480s][info][gc] GC(580) Pause Full (Ergonomics) 234M->234M(245M) 82,308ms
[384,524s][info][gc] GC(581) Pause Full (Ergonomics) 234M->234M(245M) 43,571ms
[384,597s][info][gc] GC(582) Pause Full (Ergonomics) 234M->234M(245M) 72,244ms
[384,640s][info][gc] GC(583) Pause Full (Ergonomics) 234M->234M(245M) 42,564ms
[384,708s][info][gc] GC(584) Pause Full (Ergonomics) 234M->234M(245M) 67,356ms
[384,752s][info][gc] GC(585) Pause Full (Ergonomics) 234M->234M(245M) 43,722ms
[384,818s][info][gc] GC(586) Pause Full (Ergonomics) 234M->234M(245M) 65,876ms
[384,861s][info][gc] GC(587) Pause Full (Ergonomics) 234M->234M(245M) 43,000ms
[384,937s][info][gc] GC(588) Pause Full (Ergonomics) 234M->234M(245M) 74,876ms
[384,980s][info][gc] GC(589) Pause Full (Ergonomics) 234M->234M(245M) 43,595ms
[385,059s][info][gc] GC(590) Pause Full (Ergonomics) 234M->234M(245M) 77,795ms
[385,109s][info][gc] GC(591) Pause Full (Ergonomics) 234M->234M(245M) 50,069ms
[385,183s][info][gc] GC(592) Pause Full (Ergonomics) 234M->234M(245M) 73,532ms
[385,247s][info][gc] GC(593) Pause Full (Ergonomics) 234M->234M(245M) 63,905ms
[385,296s][info][gc] GC(594) Pause Full (Ergonomics) 234M->234M(245M) 48,547ms
[385,361s][info][gc] GC(595) Pause Full (Ergonomics) 234M->234M(245M) 64,021ms
[385,418s][info][gc] GC(596) Pause Full (Ergonomics) 234M->234M(245M) 56,861ms
[385,486s][info][gc] GC(597) Pause Full (Ergonomics) 234M->234M(245M) 67,652ms
[385,529s][info][gc] GC(598) Pause Full (Ergonomics) 234M->234M(245M) 42,886ms
[385,593s][info][gc] GC(599) Pause Full (Ergonomics) 234M->234M(245M) 63,519ms
[385,640s][info][gc] GC(600) Pause Full (Ergonomics) 234M->234M(245M) 47,155ms
[385,706s][info][gc] GC(601) Pause Full (Ergonomics) 234M->234M(245M) 65,528ms
[385,756s][info][gc] GC(602) Pause Full (Ergonomics) 234M->234M(245M) 48,759ms
[385,823s][info][gc] GC(603) Pause Full (Ergonomics) 234M->234M(245M) 66,901ms
[385,867s][info][gc] GC(604) Pause Full (Ergonomics) 234M->234M(245M) 44,024ms
[385,931s][info][gc] GC(605) Pause Full (Ergonomics) 234M->234M(245M) 63,489ms
[385,976s][info][gc] GC(606) Pause Full (Ergonomics) 234M->234M(245M) 44,683ms
[386,053s][info][gc] GC(607) Pause Full (Ergonomics) 234M->234M(245M) 76,450ms
[386,097s][info][gc] GC(608) Pause Full (Ergonomics) 234M->234M(245M) 44,011ms
[386,171s][info][gc] GC(609) Pause Full (Ergonomics) 234M->234M(245M) 73,156ms
[386,214s][info][gc] GC(610) Pause Full (Ergonomics) 234M->234M(245M) 42,743ms
[386,279s][info][gc] GC(611) Pause Full (Ergonomics) 234M->234M(245M) 65,163ms
[386,323s][info][gc] GC(612) Pause Full (Ergonomics) 234M->234M(245M) 43,681ms
[386,393s][info][gc] GC(613) Pause Full (Ergonomics) 234M->234M(245M) 69,637ms
[386,436s][info][gc] GC(614) Pause Full (Ergonomics) 234M->234M(245M) 42,833ms
[386,503s][info][gc] GC(615) Pause Full (Ergonomics) 234M->234M(245M) 66,667ms
[386,559s][info][gc] GC(616) Pause Full (Ergonomics) 234M->234M(245M) 55,132ms
[386,621s][info][gc] GC(617) Pause Full (Ergonomics) 234M->234M(245M) 61,972ms
[386,679s][info][gc] GC(618) Pause Full (Ergonomics) 234M->234M(245M) 58,084ms
[386,753s][info][gc] GC(619) Pause Full (Ergonomics) 234M->234M(245M) 72,741ms
[386,801s][info][gc] GC(620) Pause Full (Ergonomics) 234M->234M(245M) 48,337ms
[386,871s][info][gc] GC(621) Pause Full (Ergonomics) 234M->234M(245M) 69,237ms
[386,919s][info][gc] GC(622) Pause Full (Ergonomics) 234M->234M(245M) 47,729ms
[386,989s][info][gc] GC(623) Pause Full (Ergonomics) 234M->234M(245M) 69,845ms
[387,035s][info][gc] GC(624) Pause Full (Ergonomics) 234M->234M(245M) 45,960ms
[387,100s][info][gc] GC(625) Pause Full (Ergonomics) 234M->234M(245M) 64,245ms
[387,143s][info][gc] GC(626) Pause Full (Ergonomics) 234M->234M(245M) 42,892ms
[387,211s][info][gc] GC(627) Pause Full (Ergonomics) 234M->234M(245M) 67,768ms
[387,256s][info][gc] GC(628) Pause Full (Ergonomics) 234M->234M(245M) 43,951ms
[387,323s][info][gc] GC(629) Pause Full (Ergonomics) 234M->234M(245M) 67,256ms
[387,372s][info][gc] GC(630) Pause Full (Ergonomics) 234M->234M(245M) 48,062ms
[387,435s][info][gc] GC(631) Pause Full (Ergonomics) 234M->234M(245M) 62,471ms
[387,483s][info][gc] GC(632) Pause Full (Ergonomics) 234M->234M(245M) 48,410ms
[387,552s][info][gc] GC(633) Pause Full (Ergonomics) 234M->234M(245M) 68,487ms
[387,600s][info][gc] GC(634) Pause Full (Ergonomics) 234M->234M(245M) 47,489ms
[387,676s][info][gc] GC(635) Pause Full (Ergonomics) 234M->234M(245M) 75,711ms
[387,724s][info][gc] GC(636) Pause Full (Ergonomics) 234M->234M(245M) 47,246ms
[387,789s][info][gc] GC(637) Pause Full (Ergonomics) 234M->234M(245M) 64,984ms
[387,837s][info][gc] GC(638) Pause Full (Ergonomics) 234M->234M(245M) 47,773ms
[387,911s][info][gc] GC(639) Pause Full (Ergonomics) 234M->234M(245M) 73,128ms
[387,960s][info][gc] GC(640) Pause Full (Ergonomics) 234M->234M(245M) 48,896ms
[388,026s][info][gc] GC(641) Pause Full (Ergonomics) 234M->234M(245M) 65,822ms
[388,077s][info][gc] GC(642) Pause Full (Ergonomics) 234M->234M(245M) 50,147ms
[388,142s][info][gc] GC(643) Pause Full (Ergonomics) 234M->234M(245M) 64,523ms
[388,186s][info][gc] GC(644) Pause Full (Ergonomics) 234M->234M(245M) 43,877ms
[388,253s][info][gc] GC(645) Pause Full (Ergonomics) 234M->234M(245M) 67,203ms
[388,302s][info][gc] GC(646) Pause Full (Ergonomics) 234M->234M(245M) 48,615ms
[388,373s][info][gc] GC(647) Pause Full (Ergonomics) 234M->234M(245M) 70,164ms
[388,417s][info][gc] GC(648) Pause Full (Ergonomics) 234M->234M(245M) 43,731ms
[388,482s][info][gc] GC(649) Pause Full (Ergonomics) 234M->234M(245M) 64,584ms
[388,538s][info][gc] GC(650) Pause Full (Ergonomics) 234M->234M(245M) 55,817ms
[388,606s][info][gc] GC(651) Pause Full (Ergonomics) 234M->234M(245M) 67,654ms
[388,657s][info][gc] GC(652) Pause Full (Ergonomics) 234M->234M(245M) 50,407ms
[388,724s][info][gc] GC(653) Pause Full (Ergonomics) 234M->234M(245M) 67,214ms
[388,771s][info][gc] GC(654) Pause Full (Ergonomics) 234M->234M(245M) 46,577ms
[388,836s][info][gc] GC(655) Pause Full (Ergonomics) 234M->234M(245M) 64,924ms
[388,881s][info][gc] GC(656) Pause Full (Ergonomics) 234M->234M(245M) 44,651ms
[388,951s][info][gc] GC(657) Pause Full (Ergonomics) 234M->234M(245M) 68,861ms
[388,994s][info][gc] GC(658) Pause Full (Ergonomics) 234M->234M(245M) 43,392ms
[389,063s][info][gc] GC(659) Pause Full (Ergonomics) 234M->234M(245M) 68,572ms
[389,113s][info][gc] GC(660) Pause Full (Ergonomics) 234M->234M(245M) 49,768ms
[389,180s][info][gc] GC(661) Pause Full (Ergonomics) 234M->234M(245M) 66,034ms
[389,227s][info][gc] GC(662) Pause Full (Ergonomics) 234M->234M(245M) 46,613ms
[389,293s][info][gc] GC(663) Pause Full (Ergonomics) 234M->234M(245M) 66,072ms
[389,347s][info][gc] GC(664) Pause Full (Ergonomics) 234M->234M(245M) 53,315ms
[389,415s][info][gc] GC(665) Pause Full (Ergonomics) 234M->234M(245M) 68,102ms
[389,469s][info][gc] GC(666) Pause Full (Ergonomics) 234M->234M(245M) 54,031ms
[389,547s][info][gc] GC(667) Pause Full (Ergonomics) 234M->234M(245M) 77,212ms
[389,601s][info][gc] GC(668) Pause Full (Ergonomics) 234M->234M(245M) 53,950ms
[389,666s][info][gc] GC(669) Pause Full (Ergonomics) 234M->234M(245M) 64,049ms
[389,712s][info][gc] GC(670) Pause Full (Ergonomics) 234M->234M(245M) 46,038ms
[389,778s][info][gc] GC(671) Pause Full (Ergonomics) 234M->234M(245M) 65,347ms
[389,822s][info][gc] GC(672) Pause Full (Ergonomics) 234M->234M(245M) 43,430ms
[389,892s][info][gc] GC(673) Pause Full (Ergonomics) 234M->234M(245M) 70,094ms
[389,937s][info][gc] GC(674) Pause Full (Ergonomics) 234M->234M(245M) 44,380ms
[390,007s][info][gc] GC(675) Pause Full (Ergonomics) 234M->234M(245M) 70,371ms
[390,056s][info][gc] GC(676) Pause Full (Ergonomics) 234M->234M(245M) 48,317ms
[390,127s][info][gc] GC(677) Pause Full (Ergonomics) 234M->234M(245M) 70,463ms
[390,180s][info][gc] GC(678) Pause Full (Ergonomics) 234M->234M(245M) 52,439ms
[390,252s][info][gc] GC(679) Pause Full (Ergonomics) 234M->234M(245M) 71,489ms
[390,300s][info][gc] GC(680) Pause Full (Ergonomics) 234M->234M(245M) 48,376ms
[390,369s][info][gc] GC(681) Pause Full (Ergonomics) 234M->234M(245M) 68,605ms
[390,420s][info][gc] GC(682) Pause Full (Ergonomics) 234M->234M(245M) 50,460ms
[390,488s][info][gc] GC(683) Pause Full (Ergonomics) 234M->234M(245M) 67,494ms
[390,531s][info][gc] GC(684) Pause Full (Ergonomics) 234M->234M(245M) 42,765ms
[390,602s][info][gc] GC(685) Pause Full (Ergonomics) 234M->234M(245M) 70,912ms
[390,645s][info][gc] GC(686) Pause Full (Ergonomics) 234M->234M(245M) 42,803ms
[390,712s][info][gc] GC(687) Pause Full (Ergonomics) 234M->234M(245M) 65,996ms
[390,760s][info][gc] GC(688) Pause Full (Ergonomics) 234M->234M(245M) 47,809ms
[390,823s][info][gc] GC(689) Pause Full (Ergonomics) 234M->234M(245M) 63,462ms
[390,875s][info][gc] GC(690) Pause Full (Ergonomics) 234M->234M(245M) 50,982ms
[390,949s][info][gc] GC(691) Pause Full (Ergonomics) 234M->234M(245M) 74,495ms
[391,001s][info][gc] GC(692) Pause Full (Ergonomics) 234M->234M(245M) 51,454ms
[391,068s][info][gc] GC(693) Pause Full (Ergonomics) 234M->234M(245M) 66,903ms
[391,113s][info][gc] GC(694) Pause Full (Ergonomics) 234M->234M(245M) 44,293ms
[391,185s][info][gc] GC(695) Pause Full (Ergonomics) 234M->234M(245M) 71,818ms
[391,238s][info][gc] GC(696) Pause Full (Ergonomics) 234M->234M(245M) 52,660ms
[391,308s][info][gc] GC(697) Pause Full (Ergonomics) 234M->234M(245M) 69,211ms
[391,368s][info][gc] GC(698) Pause Full (Ergonomics) 234M->234M(245M) 60,223ms
[391,416s][info][gc] GC(699) Pause Full (Ergonomics) 234M->234M(245M) 47,444ms
[391,481s][info][gc] GC(700) Pause Full (Ergonomics) 234M->234M(245M) 64,042ms
[391,529s][info][gc] GC(701) Pause Full (Ergonomics) 234M->234M(245M) 48,413ms
[391,594s][info][gc] GC(702) Pause Full (Ergonomics) 234M->234M(245M) 64,243ms
[391,639s][info][gc] GC(703) Pause Full (Ergonomics) 234M->234M(245M) 45,157ms
[391,705s][info][gc] GC(704) Pause Full (Ergonomics) 234M->234M(245M) 65,655ms
[391,750s][info][gc] GC(705) Pause Full (Ergonomics) 234M->234M(245M) 44,353ms
[391,820s][info][gc] GC(706) Pause Full (Ergonomics) 234M->234M(245M) 69,747ms
[391,872s][info][gc] GC(707) Pause Full (Ergonomics) 234M->234M(245M) 51,579ms
[391,938s][info][gc] GC(708) Pause Full (Ergonomics) 234M->234M(245M) 65,674ms
[391,987s][info][gc] GC(709) Pause Full (Ergonomics) 234M->234M(245M) 48,730ms
[392,057s][info][gc] GC(710) Pause Full (Ergonomics) 234M->234M(245M) 69,259ms
[392,111s][info][gc] GC(711) Pause Full (Ergonomics) 234M->234M(245M) 53,903ms
[392,182s][info][gc] GC(712) Pause Full (Ergonomics) 234M->234M(245M) 70,265ms
[392,237s][info][gc] GC(713) Pause Full (Ergonomics) 234M->234M(245M) 54,677ms
[392,304s][info][gc] GC(714) Pause Full (Ergonomics) 234M->234M(245M) 67,319ms
[392,356s][info][gc] GC(715) Pause Full (Ergonomics) 234M->234M(245M) 51,662ms
[392,426s][info][gc] GC(716) Pause Full (Ergonomics) 234M->234M(245M) 69,097ms
[392,473s][info][gc] GC(717) Pause Full (Ergonomics) 234M->234M(245M) 46,277ms
[392,543s][info][gc] GC(718) Pause Full (Ergonomics) 234M->234M(245M) 69,610ms
[392,591s][info][gc] GC(719) Pause Full (Ergonomics) 234M->234M(245M) 47,747ms
[392,663s][info][gc] GC(720) Pause Full (Ergonomics) 234M->234M(245M) 71,668ms
[392,717s][info][gc] GC(721) Pause Full (Ergonomics) 234M->234M(245M) 53,635ms
[392,798s][info][gc] GC(722) Pause Full (Ergonomics) 234M->234M(245M) 80,432ms
[392,867s][info][gc] GC(723) Pause Full (Ergonomics) 234M->234M(245M) 68,901ms
[392,911s][info][gc] GC(724) Pause Full (Ergonomics) 234M->234M(245M) 44,282ms
[392,984s][info][gc] GC(725) Pause Full (Ergonomics) 234M->234M(245M) 71,837ms
[393,034s][info][gc] GC(726) Pause Full (Ergonomics) 234M->234M(245M) 50,386ms
[393,109s][info][gc] GC(727) Pause Full (Ergonomics) 234M->234M(245M) 74,251ms
[393,152s][info][gc] GC(728) Pause Full (Ergonomics) 234M->234M(245M) 42,714ms
[393,216s][info][gc] GC(729) Pause Full (Ergonomics) 234M->234M(245M) 63,876ms
[393,273s][info][gc] GC(730) Pause Full (Ergonomics) 234M->234M(245M) 56,945ms
[393,338s][info][gc] GC(731) Pause Full (Ergonomics) 234M->234M(245M) 63,693ms
[393,386s][info][gc] GC(732) Pause Full (Ergonomics) 234M->234M(245M) 48,245ms
[393,461s][info][gc] GC(733) Pause Full (Ergonomics) 234M->234M(245M) 74,019ms
[393,513s][info][gc] GC(734) Pause Full (Ergonomics) 234M->234M(245M) 52,051ms
[393,577s][info][gc] GC(735) Pause Full (Ergonomics) 234M->234M(245M) 63,965ms
[393,629s][info][gc] GC(736) Pause Full (Ergonomics) 234M->234M(245M) 51,295ms
[393,707s][info][gc] GC(737) Pause Full (Ergonomics) 234M->234M(245M) 77,376ms
[393,752s][info][gc] GC(738) Pause Full (Ergonomics) 234M->234M(245M) 44,845ms
[393,820s][info][gc] GC(739) Pause Full (Ergonomics) 234M->234M(245M) 68,021ms
[393,866s][info][gc] GC(740) Pause Full (Ergonomics) 234M->234M(245M) 45,511ms
[393,930s][info][gc] GC(741) Pause Full (Ergonomics) 234M->234M(245M) 63,748ms
[393,977s][info][gc] GC(742) Pause Full (Ergonomics) 234M->234M(245M) 46,714ms
[394,046s][info][gc] GC(743) Pause Full (Ergonomics) 234M->234M(245M) 68,649ms
[394,093s][info][gc] GC(744) Pause Full (Ergonomics) 234M->234M(245M) 47,065ms
[394,166s][info][gc] GC(745) Pause Full (Ergonomics) 234M->234M(245M) 72,181ms
[394,226s][info][gc] GC(746) Pause Full (Ergonomics) 234M->234M(245M) 59,720ms
[394,301s][info][gc] GC(747) Pause Full (Ergonomics) 234M->234M(245M) 74,047ms
[394,345s][info][gc] GC(748) Pause Full (Ergonomics) 234M->234M(245M) 43,363ms
[394,392s][info][gc] GC(749) Pause Full (Ergonomics) 234M->234M(245M) 47,499ms
[394,460s][info][gc] GC(750) Pause Full (Ergonomics) 234M->234M(245M) 67,276ms
[394,507s][info][gc] GC(751) Pause Full (Ergonomics) 234M->234M(245M) 46,921ms
[394,577s][info][gc] GC(752) Pause Full (Ergonomics) 234M->234M(245M) 68,930ms
[394,623s][info][gc] GC(753) Pause Full (Ergonomics) 234M->234M(245M) 46,564ms
[394,693s][info][gc] GC(754) Pause Full (Ergonomics) 234M->234M(245M) 69,425ms
[394,738s][info][gc] GC(755) Pause Full (Ergonomics) 234M->234M(245M) 44,308ms
[394,806s][info][gc] GC(756) Pause Full (Ergonomics) 234M->234M(245M) 67,437ms
[394,849s][info][gc] GC(757) Pause Full (Ergonomics) 234M->234M(245M) 43,423ms
[394,925s][info][gc] GC(758) Pause Full (Ergonomics) 234M->234M(245M) 75,795ms
[394,973s][info][gc] GC(759) Pause Full (Ergonomics) 234M->234M(245M) 47,187ms
[395,041s][info][gc] GC(760) Pause Full (Ergonomics) 234M->234M(245M) 67,290ms
[395,084s][info][gc] GC(761) Pause Full (Ergonomics) 234M->234M(245M) 43,537ms
[395,154s][info][gc] GC(762) Pause Full (Ergonomics) 234M->234M(245M) 68,837ms
[395,201s][info][gc] GC(763) Pause Full (Ergonomics) 234M->234M(245M) 46,915ms
[395,267s][info][gc] GC(764) Pause Full (Ergonomics) 234M->234M(245M) 65,806ms
[395,310s][info][gc] GC(765) Pause Full (Ergonomics) 234M->234M(245M) 42,639ms
[395,376s][info][gc] GC(766) Pause Full (Ergonomics) 234M->234M(245M) 65,402ms
[395,426s][info][gc] GC(767) Pause Full (Ergonomics) 234M->234M(245M) 50,094ms
[395,494s][info][gc] GC(768) Pause Full (Ergonomics) 234M->234M(245M) 67,219ms
[395,544s][info][gc] GC(769) Pause Full (Ergonomics) 234M->234M(245M) 50,024ms
[395,613s][info][gc] GC(770) Pause Full (Ergonomics) 234M->234M(245M) 68,664ms
[395,661s][info][gc] GC(771) Pause Full (Ergonomics) 234M->234M(245M) 47,326ms
[395,726s][info][gc] GC(772) Pause Full (Ergonomics) 234M->234M(245M) 65,536ms
[395,785s][info][gc] GC(773) Pause Full (Ergonomics) 234M->234M(245M) 58,635ms
[395,833s][info][gc] GC(774) Pause Full (Ergonomics) 234M->234M(245M) 47,115ms
[395,901s][info][gc] GC(775) Pause Full (Ergonomics) 234M->234M(245M) 67,852ms
[395,945s][info][gc] GC(776) Pause Full (Ergonomics) 234M->234M(245M) 43,752ms
[396,011s][info][gc] GC(777) Pause Full (Ergonomics) 234M->234M(245M) 65,465ms
[396,057s][info][gc] GC(778) Pause Full (Ergonomics) 234M->234M(245M) 45,482ms
[396,122s][info][gc] GC(779) Pause Full (Ergonomics) 234M->234M(245M) 64,560ms
[396,168s][info][gc] GC(780) Pause Full (Ergonomics) 234M->234M(245M) 45,687ms
[396,232s][info][gc] GC(781) Pause Full (Ergonomics) 234M->234M(245M) 64,122ms
[396,281s][info][gc] GC(782) Pause Full (Ergonomics) 234M->234M(245M) 48,247ms
[396,349s][info][gc] GC(783) Pause Full (Ergonomics) 234M->234M(245M) 68,157ms
[396,398s][info][gc] GC(784) Pause Full (Ergonomics) 234M->234M(245M) 48,358ms
[396,465s][info][gc] GC(785) Pause Full (Ergonomics) 234M->234M(245M) 66,496ms
[396,516s][info][gc] GC(786) Pause Full (Ergonomics) 234M->234M(245M) 50,794ms
[396,590s][info][gc] GC(787) Pause Full (Ergonomics) 234M->234M(245M) 74,153ms
[396,638s][info][gc] GC(788) Pause Full (Ergonomics) 234M->234M(245M) 47,920ms
[396,704s][info][gc] GC(789) Pause Full (Ergonomics) 234M->234M(245M) 65,125ms
[396,750s][info][gc] GC(790) Pause Full (Ergonomics) 234M->234M(245M) 45,690ms
[396,834s][info][gc] GC(791) Pause Full (Ergonomics) 234M->234M(245M) 83,928ms
[396,881s][info][gc] GC(792) Pause Full (Ergonomics) 234M->234M(245M) 46,960ms
[396,958s][info][gc] GC(793) Pause Full (Ergonomics) 234M->234M(245M) 76,272ms
[397,011s][info][gc] GC(794) Pause Full (Ergonomics) 234M->234M(245M) 53,324ms
[397,079s][info][gc] GC(795) Pause Full (Ergonomics) 234M->234M(245M) 67,429ms
[397,131s][info][gc] GC(796) Pause Full (Ergonomics) 234M->234M(245M) 51,083ms
[397,199s][info][gc] GC(797) Pause Full (Ergonomics) 234M->234M(245M) 67,892ms
[397,252s][info][gc] GC(798) Pause Full (Ergonomics) 234M->234M(245M) 52,393ms
[397,318s][info][gc] GC(799) Pause Full (Ergonomics) 234M->234M(245M) 66,330ms
[397,362s][info][gc] GC(800) Pause Full (Ergonomics) 234M->234M(245M) 43,761ms
[397,434s][info][gc] GC(801) Pause Full (Ergonomics) 234M->234M(245M) 71,423ms
[397,483s][info][gc] GC(802) Pause Full (Ergonomics) 234M->234M(245M) 48,468ms
[397,560s][info][gc] GC(803) Pause Full (Ergonomics) 234M->234M(245M) 76,167ms
[397,604s][info][gc] GC(804) Pause Full (Ergonomics) 234M->234M(245M) 43,734ms
[397,676s][info][gc] GC(805) Pause Full (Ergonomics) 234M->234M(245M) 72,152ms
[397,724s][info][gc] GC(806) Pause Full (Ergonomics) 234M->234M(245M) 47,272ms
[397,798s][info][gc] GC(807) Pause Full (Ergonomics) 234M->234M(245M) 73,158ms
[397,853s][info][gc] GC(808) Pause Full (Ergonomics) 234M->234M(245M) 54,815ms
[397,928s][info][gc] GC(809) Pause Full (Ergonomics) 234M->234M(245M) 75,247ms
[397,981s][info][gc] GC(810) Pause Full (Ergonomics) 234M->234M(245M) 51,901ms
[398,061s][info][gc] GC(811) Pause Full (Ergonomics) 234M->234M(245M) 80,446ms
[398,113s][info][gc] GC(812) Pause Full (Ergonomics) 234M->234M(245M) 51,569ms
[398,182s][info][gc] GC(813) Pause Full (Ergonomics) 234M->234M(245M) 68,408ms
[398,230s][info][gc] GC(814) Pause Full (Ergonomics) 234M->234M(245M) 47,388ms
[398,295s][info][gc] GC(815) Pause Full (Ergonomics) 234M->234M(245M) 64,742ms
[398,344s][info][gc] GC(816) Pause Full (Ergonomics) 234M->234M(245M) 48,367ms
[398,413s][info][gc] GC(817) Pause Full (Ergonomics) 234M->234M(245M) 68,614ms
[398,484s][info][gc] GC(818) Pause Full (Ergonomics) 234M->234M(245M) 70,706ms
[398,533s][info][gc] GC(819) Pause Full (Ergonomics) 234M->234M(245M) 49,301ms
[398,601s][info][gc] GC(820) Pause Full (Ergonomics) 234M->234M(245M) 67,776ms
[398,645s][info][gc] GC(821) Pause Full (Ergonomics) 234M->234M(245M) 43,281ms
[398,713s][info][gc] GC(822) Pause Full (Ergonomics) 234M->234M(245M) 67,910ms
[398,772s][info][gc] GC(823) Pause Full (Ergonomics) 234M->234M(245M) 58,263ms
[398,824s][info][gc] GC(824) Pause Full (Ergonomics) 234M->234M(245M) 51,531ms
[398,900s][info][gc] GC(825) Pause Full (Ergonomics) 234M->234M(245M) 76,163ms
[398,948s][info][gc] GC(826) Pause Full (Ergonomics) 234M->234M(245M) 47,752ms
[399,031s][info][gc] GC(827) Pause Full (Ergonomics) 234M->234M(245M) 81,700ms
[399,101s][info][gc] GC(828) Pause Full (Ergonomics) 234M->234M(245M) 70,051ms
[399,147s][info][gc] GC(829) Pause Full (Ergonomics) 234M->234M(245M) 46,043ms
[399,217s][info][gc] GC(830) Pause Full (Ergonomics) 234M->234M(245M) 69,520ms
[399,264s][info][gc] GC(831) Pause Full (Ergonomics) 234M->234M(245M) 46,443ms
[399,338s][info][gc] GC(832) Pause Full (Ergonomics) 234M->234M(245M) 73,077ms
[399,387s][info][gc] GC(833) Pause Full (Ergonomics) 234M->234M(245M) 49,461ms
[399,461s][info][gc] GC(834) Pause Full (Ergonomics) 234M->234M(245M) 73,675ms
[399,526s][info][gc] GC(835) Pause Full (Ergonomics) 234M->234M(245M) 64,516ms
[399,600s][info][gc] GC(836) Pause Full (Ergonomics) 234M->234M(245M) 73,336ms
[399,655s][info][gc] GC(837) Pause Full (Ergonomics) 234M->234M(245M) 54,417ms
[399,725s][info][gc] GC(838) Pause Full (Ergonomics) 234M->234M(245M) 69,806ms
[399,771s][info][gc] GC(839) Pause Full (Ergonomics) 234M->234M(245M) 46,295ms
[399,844s][info][gc] GC(840) Pause Full (Ergonomics) 234M->234M(245M) 72,166ms
[399,896s][info][gc] GC(841) Pause Full (Ergonomics) 234M->234M(245M) 51,261ms
[399,972s][info][gc] GC(842) Pause Full (Ergonomics) 234M->234M(245M) 75,664ms
[400,025s][info][gc] GC(843) Pause Full (Ergonomics) 234M->234M(245M) 53,065ms
[400,095s][info][gc] GC(844) Pause Full (Ergonomics) 234M->234M(245M) 69,832ms
[400,150s][info][gc] GC(845) Pause Full (Ergonomics) 234M->234M(245M) 54,856ms
[400,216s][info][gc] GC(846) Pause Full (Ergonomics) 234M->234M(245M) 65,225ms
[400,271s][info][gc] GC(847) Pause Full (Ergonomics) 234M->234M(245M) 54,239ms
[400,345s][info][gc] GC(848) Pause Full (Ergonomics) 234M->234M(245M) 74,053ms
[400,401s][info][gc] GC(849) Pause Full (Ergonomics) 234M->234M(245M) 55,781ms
[400,477s][info][gc] GC(850) Pause Full (Ergonomics) 234M->234M(245M) 75,742ms
[400,527s][info][gc] GC(851) Pause Full (Ergonomics) 234M->234M(245M) 49,827ms
[400,595s][info][gc] GC(852) Pause Full (Ergonomics) 234M->234M(245M) 66,933ms
[400,641s][info][gc] GC(853) Pause Full (Ergonomics) 234M->234M(245M) 45,477ms
[400,713s][info][gc] GC(854) Pause Full (Ergonomics) 234M->234M(245M) 71,597ms
[400,760s][info][gc] GC(855) Pause Full (Ergonomics) 234M->234M(245M) 47,332ms
[400,828s][info][gc] GC(856) Pause Full (Ergonomics) 234M->234M(245M) 67,887ms
[400,872s][info][gc] GC(857) Pause Full (Ergonomics) 234M->234M(245M) 42,935ms
[400,944s][info][gc] GC(858) Pause Full (Ergonomics) 234M->234M(245M) 71,449ms
[400,987s][info][gc] GC(859) Pause Full (Ergonomics) 234M->234M(245M) 42,807ms
[401,067s][info][gc] GC(860) Pause Full (Ergonomics) 234M->234M(245M) 79,838ms
[401,121s][info][gc] GC(861) Pause Full (Ergonomics) 234M->234M(245M) 53,849ms
[401,192s][info][gc] GC(862) Pause Full (Ergonomics) 234M->234M(245M) 70,066ms
[401,252s][info][gc] GC(863) Pause Full (Ergonomics) 234M->234M(245M) 59,641ms
[401,300s][info][gc] GC(864) Pause Full (Ergonomics) 234M->234M(245M) 48,169ms
[401,374s][info][gc] GC(865) Pause Full (Ergonomics) 234M->234M(245M) 73,165ms
[401,429s][info][gc] GC(866) Pause Full (Ergonomics) 234M->234M(245M) 55,213ms
[401,509s][info][gc] GC(867) Pause Full (Ergonomics) 234M->234M(245M) 79,237ms
[401,559s][info][gc] GC(868) Pause Full (Ergonomics) 234M->234M(245M) 50,018ms
[401,628s][info][gc] GC(869) Pause Full (Ergonomics) 234M->234M(245M) 68,398ms
[401,671s][info][gc] GC(870) Pause Full (Ergonomics) 234M->234M(245M) 43,153ms
[401,735s][info][gc] GC(871) Pause Full (Ergonomics) 234M->234M(245M) 63,551ms
[401,787s][info][gc] GC(872) Pause Full (Ergonomics) 234M->234M(245M) 50,967ms
[401,850s][info][gc] GC(873) Pause Full (Ergonomics) 234M->234M(245M) 63,330ms
[401,898s][info][gc] GC(874) Pause Full (Ergonomics) 234M->234M(245M) 47,709ms
[401,964s][info][gc] GC(875) Pause Full (Ergonomics) 234M->234M(245M) 65,696ms
[402,007s][info][gc] GC(876) Pause Full (Ergonomics) 234M->234M(245M) 42,459ms
[402,081s][info][gc] GC(877) Pause Full (Ergonomics) 234M->234M(245M) 72,969ms
[402,132s][info][gc] GC(878) Pause Full (Ergonomics) 234M->234M(245M) 51,013ms
[402,213s][info][gc] GC(879) Pause Full (Ergonomics) 234M->234M(245M) 80,383ms
[402,256s][info][gc] GC(880) Pause Full (Ergonomics) 234M->234M(245M) 43,363ms
[402,329s][info][gc] GC(881) Pause Full (Ergonomics) 234M->234M(245M) 72,851ms
[402,374s][info][gc] GC(882) Pause Full (Ergonomics) 234M->234M(245M) 44,671ms
[402,446s][info][gc] GC(883) Pause Full (Ergonomics) 234M->234M(245M) 70,928ms
[402,489s][info][gc] GC(884) Pause Full (Ergonomics) 234M->234M(245M) 43,137ms
[402,553s][info][gc] GC(885) Pause Full (Ergonomics) 234M->234M(245M) 63,007ms
[402,597s][info][gc] GC(886) Pause Full (Ergonomics) 234M->234M(245M) 44,063ms
[402,663s][info][gc] GC(887) Pause Full (Ergonomics) 234M->234M(245M) 65,345ms
[402,712s][info][gc] GC(888) Pause Full (Ergonomics) 234M->234M(245M) 49,222ms
[402,780s][info][gc] GC(889) Pause Full (Ergonomics) 234M->234M(245M) 66,877ms
[402,826s][info][gc] GC(890) Pause Full (Ergonomics) 234M->234M(245M) 46,136ms
[402,896s][info][gc] GC(891) Pause Full (Ergonomics) 234M->234M(245M) 69,891ms
[402,944s][info][gc] GC(892) Pause Full (Ergonomics) 234M->234M(245M) 47,805ms
[403,008s][info][gc] GC(893) Pause Full (Ergonomics) 234M->234M(245M) 63,081ms
[403,057s][info][gc] GC(894) Pause Full (Ergonomics) 234M->234M(245M) 48,591ms
[403,124s][info][gc] GC(895) Pause Full (Ergonomics) 234M->234M(245M) 67,141ms
[403,176s][info][gc] GC(896) Pause Full (Ergonomics) 234M->234M(245M) 51,652ms
[403,248s][info][gc] GC(897) Pause Full (Ergonomics) 234M->234M(245M) 71,252ms
[403,300s][info][gc] GC(898) Pause Full (Ergonomics) 234M->234M(245M) 52,162ms
[403,370s][info][gc] GC(899) Pause Full (Ergonomics) 234M->234M(245M) 69,820ms
[403,424s][info][gc] GC(900) Pause Full (Ergonomics) 234M->234M(245M) 53,323ms
[403,488s][info][gc] GC(901) Pause Full (Ergonomics) 234M->234M(245M) 63,069ms
[403,534s][info][gc] GC(902) Pause Full (Ergonomics) 234M->234M(245M) 46,531ms
[403,601s][info][gc] GC(903) Pause Full (Ergonomics) 234M->234M(245M) 66,761ms
[403,651s][info][gc] GC(904) Pause Full (Ergonomics) 234M->234M(245M) 48,843ms
[403,718s][info][gc] GC(905) Pause Full (Ergonomics) 234M->234M(245M) 66,890ms
[403,762s][info][gc] GC(906) Pause Full (Ergonomics) 234M->234M(245M) 43,410ms
[403,828s][info][gc] GC(907) Pause Full (Ergonomics) 234M->234M(245M) 65,885ms
[403,901s][info][gc] GC(908) Pause Full (Ergonomics) 234M->234M(245M) 72,644ms
[403,953s][info][gc] GC(909) Pause Full (Ergonomics) 234M->234M(245M) 51,803ms
[404,027s][info][gc] GC(910) Pause Full (Ergonomics) 234M->234M(245M) 74,225ms
[404,072s][info][gc] GC(911) Pause Full (Ergonomics) 234M->234M(245M) 43,943ms
[404,140s][info][gc] GC(912) Pause Full (Ergonomics) 234M->234M(245M) 68,196ms
[404,187s][info][gc] GC(913) Pause Full (Ergonomics) 234M->234M(245M) 46,808ms
[404,255s][info][gc] GC(914) Pause Full (Ergonomics) 234M->234M(245M) 67,330ms
[404,304s][info][gc] GC(915) Pause Full (Ergonomics) 234M->234M(245M) 48,464ms
[404,372s][info][gc] GC(916) Pause Full (Ergonomics) 234M->234M(245M) 67,269ms
[404,427s][info][gc] GC(917) Pause Full (Ergonomics) 234M->234M(245M) 54,781ms
[404,494s][info][gc] GC(918) Pause Full (Ergonomics) 234M->234M(245M) 66,682ms
[404,547s][info][gc] GC(919) Pause Full (Ergonomics) 234M->234M(245M) 53,177ms
[404,612s][info][gc] GC(920) Pause Full (Ergonomics) 234M->234M(245M) 63,822ms
[404,655s][info][gc] GC(921) Pause Full (Ergonomics) 234M->234M(245M) 42,946ms
[404,729s][info][gc] GC(922) Pause Full (Ergonomics) 234M->234M(245M) 73,804ms
[404,775s][info][gc] GC(923) Pause Full (Ergonomics) 234M->234M(245M) 45,901ms
[404,845s][info][gc] GC(924) Pause Full (Ergonomics) 234M->234M(245M) 69,399ms
[404,889s][info][gc] GC(925) Pause Full (Ergonomics) 234M->234M(245M) 44,206ms
[404,953s][info][gc] GC(926) Pause Full (Ergonomics) 234M->234M(245M) 63,450ms
[404,999s][info][gc] GC(927) Pause Full (Ergonomics) 234M->234M(245M) 44,963ms
[405,066s][info][gc] GC(928) Pause Full (Ergonomics) 234M->234M(245M) 66,973ms
[405,114s][info][gc] GC(929) Pause Full (Ergonomics) 234M->234M(245M) 48,020ms
[405,180s][info][gc] GC(930) Pause Full (Ergonomics) 234M->234M(245M) 65,254ms
[405,227s][info][gc] GC(931) Pause Full (Ergonomics) 234M->234M(245M) 46,959ms
[405,297s][info][gc] GC(932) Pause Full (Ergonomics) 234M->234M(245M) 69,467ms
[405,350s][info][gc] GC(933) Pause Full (Ergonomics) 234M->234M(245M) 53,221ms
[405,417s][info][gc] GC(934) Pause Full (Ergonomics) 234M->234M(245M) 66,130ms
[405,462s][info][gc] GC(935) Pause Full (Ergonomics) 234M->234M(245M) 45,097ms
[405,527s][info][gc] GC(936) Pause Full (Ergonomics) 234M->234M(245M) 64,045ms
[405,581s][info][gc] GC(937) Pause Full (Ergonomics) 234M->234M(245M) 53,639ms
[405,646s][info][gc] GC(938) Pause Full (Ergonomics) 234M->234M(245M) 65,417ms
[405,699s][info][gc] GC(939) Pause Full (Ergonomics) 234M->234M(245M) 52,291ms
[405,773s][info][gc] GC(940) Pause Full (Ergonomics) 234M->234M(245M) 73,258ms
[405,816s][info][gc] GC(941) Pause Full (Ergonomics) 234M->234M(245M) 43,097ms
[405,882s][info][gc] GC(942) Pause Full (Ergonomics) 234M->234M(245M) 65,162ms
[405,944s][info][gc] GC(943) Pause Full (Ergonomics) 234M->234M(245M) 61,745ms
[405,987s][info][gc] GC(944) Pause Full (Ergonomics) 234M->234M(245M) 43,048ms
[406,045s][info][gc] GC(945) Pause Full (Ergonomics) 234M->234M(245M) 57,731ms
[406,056s][info][gc] GC(946) Pause Full (Ergonomics) 234M->2M(215M) 10,984ms
Exception in thread "main" java.lang.OutOfMemoryError: GC overhead limit exceeded

Process finished with exit code 1

0.584 seconds on PS MarkSweep (9 collections)
0.119 seconds on PS Scavenge (4 collections)