/opt/jdk-13.0.1/bin/java -Xms256m -Xmx256m -verbose:gc -XX:+UseConcMarkSweepGC -javaagent:/snap/intellij-idea-community/221/lib/idea_rt.jar=33297:/snap/intellij-idea-community/221/bin -Dfile.encoding=UTF-8 -classpath /home/comradv/IdeaProjects/otus_java_2019_12/hw06-gc/target/classes ru.otus.l06.App
[0.004s][info][gc] Using Concurrent Mark Sweep
Java HotSpot(TM) 64-Bit Server VM warning: Option UseConcMarkSweepGC was deprecated in version 9.0 and will likely be removed in a future release.
[41,075s][info][gc] GC(0) Pause Young (Allocation Failure) 68M->32M(247M) 35,173ms
[98,513s][info][gc] GC(1) Pause Young (Allocation Failure) 101M->88M(247M) 53,604ms
[158,204s][info][gc] GC(2) Pause Young (Allocation Failure) 156M->141M(247M) 42,093ms
[158,208s][info][gc] GC(3) Pause Initial Mark 143M->143M(247M) 4,042ms
[158,208s][info][gc] GC(3) Concurrent Mark
[158,232s][info][gc] GC(3) Concurrent Mark 23,654ms
[158,232s][info][gc] GC(3) Concurrent Preclean
[158,232s][info][gc] GC(3) Concurrent Preclean 0,398ms
[158,238s][info][gc] GC(3) Pause Remark 143M->143M(247M) 5,351ms
[158,238s][info][gc] GC(3) Concurrent Sweep
[158,257s][info][gc] GC(3) Concurrent Sweep 18,869ms
[158,257s][info][gc] GC(3) Concurrent Reset
[158,258s][info][gc] GC(3) Concurrent Reset 0,830ms
[160,261s][info][gc] GC(4) Pause Initial Mark 118M->118M(247M) 2,939ms
[160,261s][info][gc] GC(4) Concurrent Mark
[160,281s][info][gc] GC(4) Concurrent Mark 19,714ms
[160,281s][info][gc] GC(4) Concurrent Preclean
[160,281s][info][gc] GC(4) Concurrent Preclean 0,340ms
[160,281s][info][gc] GC(4) Concurrent Abortable Preclean
[165,286s][info][gc] GC(4) Concurrent Abortable Preclean 5004,474ms
[165,291s][info][gc] GC(4) Pause Remark 123M->123M(247M) 5,177ms
[165,291s][info][gc] GC(4) Concurrent Sweep
[165,325s][info][gc] GC(4) Concurrent Sweep 34,002ms
[165,325s][info][gc] GC(4) Concurrent Reset
[165,325s][info][gc] GC(4) Concurrent Reset 0,178ms
[167,332s][info][gc] GC(5) Pause Initial Mark 125M->125M(247M) 6,991ms
[167,332s][info][gc] GC(5) Concurrent Mark
[167,351s][info][gc] GC(5) Concurrent Mark 18,970ms
[167,351s][info][gc] GC(5) Concurrent Preclean
[167,351s][info][gc] GC(5) Concurrent Preclean 0,554ms
[167,351s][info][gc] GC(5) Concurrent Abortable Preclean
[172,441s][info][gc] GC(5) Concurrent Abortable Preclean 5090,125ms
[172,448s][info][gc] GC(5) Pause Remark 130M->130M(247M) 7,031ms
[172,449s][info][gc] GC(5) Concurrent Sweep
[172,471s][info][gc] GC(5) Concurrent Sweep 22,784ms
[172,471s][info][gc] GC(5) Concurrent Reset
[172,471s][info][gc] GC(5) Concurrent Reset 0,114ms
[174,479s][info][gc] GC(6) Pause Initial Mark 129M->129M(247M) 7,215ms
[174,479s][info][gc] GC(6) Concurrent Mark
[174,497s][info][gc] GC(6) Concurrent Mark 18,630ms
[174,497s][info][gc] GC(6) Concurrent Preclean
[174,498s][info][gc] GC(6) Concurrent Preclean 0,514ms
[174,498s][info][gc] GC(6) Concurrent Abortable Preclean
[179,555s][info][gc] GC(6) Concurrent Abortable Preclean 5057,366ms
[179,559s][info][gc] GC(6) Pause Remark 134M->134M(247M) 3,828ms
[179,559s][info][gc] GC(6) Concurrent Sweep
[179,577s][info][gc] GC(6) Concurrent Sweep 18,121ms
[179,577s][info][gc] GC(6) Concurrent Reset
[179,578s][info][gc] GC(6) Concurrent Reset 0,120ms
[181,584s][info][gc] GC(7) Pause Initial Mark 134M->134M(247M) 6,878ms
[181,584s][info][gc] GC(7) Concurrent Mark
[181,607s][info][gc] GC(7) Concurrent Mark 23,317ms
[181,607s][info][gc] GC(7) Concurrent Preclean
[181,608s][info][gc] GC(7) Concurrent Preclean 0,398ms
[181,608s][info][gc] GC(7) Concurrent Abortable Preclean
[186,630s][info][gc] GC(7) Concurrent Abortable Preclean 5021,911ms
[186,637s][info][gc] GC(7) Pause Remark 139M->139M(247M) 7,196ms
[186,637s][info][gc] GC(7) Concurrent Sweep
[186,651s][info][gc] GC(7) Concurrent Sweep 13,722ms
[186,651s][info][gc] GC(7) Concurrent Reset
[186,651s][info][gc] GC(7) Concurrent Reset 0,108ms
[188,662s][info][gc] GC(8) Pause Initial Mark 140M->140M(247M) 11,681ms
[188,663s][info][gc] GC(8) Concurrent Mark
[188,700s][info][gc] GC(8) Concurrent Mark 37,844ms
[188,700s][info][gc] GC(8) Concurrent Preclean
[188,701s][info][gc] GC(8) Concurrent Preclean 0,440ms
[188,701s][info][gc] GC(8) Concurrent Abortable Preclean
[193,771s][info][gc] GC(8) Concurrent Abortable Preclean 5070,337ms
[193,780s][info][gc] GC(8) Pause Remark 145M->145M(247M) 8,220ms
[193,780s][info][gc] GC(8) Concurrent Sweep
[193,797s][info][gc] GC(8) Concurrent Sweep 16,777ms
[193,797s][info][gc] GC(8) Concurrent Reset
[193,797s][info][gc] GC(8) Concurrent Reset 0,115ms
[195,809s][info][gc] GC(9) Pause Initial Mark 145M->145M(247M) 12,674ms
[195,809s][info][gc] GC(9) Concurrent Mark
[195,845s][info][gc] GC(9) Concurrent Mark 35,513ms
[195,845s][info][gc] GC(9) Concurrent Preclean
[195,845s][info][gc] GC(9) Concurrent Preclean 0,464ms
[195,846s][info][gc] GC(9) Concurrent Abortable Preclean
[200,925s][info][gc] GC(9) Concurrent Abortable Preclean 5079,898ms
[200,931s][info][gc] GC(9) Pause Remark 150M->150M(247M) 5,158ms
[200,931s][info][gc] GC(9) Concurrent Sweep
[200,955s][info][gc] GC(9) Concurrent Sweep 24,032ms
[200,955s][info][gc] GC(9) Concurrent Reset
[200,955s][info][gc] GC(9) Concurrent Reset 0,157ms
[202,959s][info][gc] GC(10) Pause Initial Mark 149M->149M(247M) 4,361ms
[202,959s][info][gc] GC(10) Concurrent Mark
[202,979s][info][gc] GC(10) Concurrent Mark 20,256ms
[202,979s][info][gc] GC(10) Concurrent Preclean
[202,979s][info][gc] GC(10) Concurrent Preclean 0,459ms
[202,979s][info][gc] GC(10) Concurrent Abortable Preclean
[208,092s][info][gc] GC(10) Concurrent Abortable Preclean 5112,493ms
[208,099s][info][gc] GC(10) Pause Remark 155M->155M(247M) 7,252ms
[208,099s][info][gc] GC(10) Concurrent Sweep
[208,120s][info][gc] GC(10) Concurrent Sweep 20,800ms
[208,120s][info][gc] GC(10) Concurrent Reset
[208,120s][info][gc] GC(10) Concurrent Reset 0,138ms
[210,129s][info][gc] GC(11) Pause Initial Mark 154M->154M(247M) 9,431ms
[210,129s][info][gc] GC(11) Concurrent Mark
[210,152s][info][gc] GC(11) Concurrent Mark 22,194ms
[210,152s][info][gc] GC(11) Concurrent Preclean
[210,152s][info][gc] GC(11) Concurrent Preclean 0,424ms
[210,152s][info][gc] GC(11) Concurrent Abortable Preclean
[215,160s][info][gc] GC(11) Concurrent Abortable Preclean 5008,134ms
[215,167s][info][gc] GC(11) Pause Remark 159M->159M(247M) 6,669ms
[215,167s][info][gc] GC(11) Concurrent Sweep
[215,182s][info][gc] GC(11) Concurrent Sweep 14,864ms
[215,182s][info][gc] GC(11) Concurrent Reset
[215,182s][info][gc] GC(11) Concurrent Reset 0,120ms
[217,189s][info][gc] GC(12) Pause Initial Mark 159M->159M(247M) 7,375ms
[217,189s][info][gc] GC(12) Concurrent Mark
[217,205s][info][gc] GC(12) Concurrent Mark 16,003ms
[217,205s][info][gc] GC(12) Concurrent Preclean
[217,205s][info][gc] GC(12) Concurrent Preclean 0,389ms
[217,205s][info][gc] GC(12) Concurrent Abortable Preclean
[221,961s][info][gc] GC(13) Pause Young (Allocation Failure) 164M->159M(247M) 26,590ms
[222,255s][info][gc] GC(12) Concurrent Abortable Preclean 5049,728ms
[222,262s][info][gc] GC(12) Pause Remark 163M->163M(247M) 6,833ms
[222,262s][info][gc] GC(12) Concurrent Sweep
[222,292s][info][gc] GC(12) Concurrent Sweep 30,115ms
[222,292s][info][gc] GC(12) Concurrent Reset
[222,292s][info][gc] GC(12) Concurrent Reset 0,168ms
[224,300s][info][gc] GC(14) Pause Initial Mark 163M->163M(247M) 8,465ms
[224,300s][info][gc] GC(14) Concurrent Mark
[224,330s][info][gc] GC(14) Concurrent Mark 29,055ms
[224,330s][info][gc] GC(14) Concurrent Preclean
[224,330s][info][gc] GC(14) Concurrent Preclean 0,401ms
[224,330s][info][gc] GC(14) Concurrent Abortable Preclean
[229,454s][info][gc] GC(14) Concurrent Abortable Preclean 5124,392ms
[229,462s][info][gc] GC(14) Pause Remark 169M->169M(247M) 7,108ms
[229,462s][info][gc] GC(14) Concurrent Sweep
[229,485s][info][gc] GC(14) Concurrent Sweep 23,154ms
[229,485s][info][gc] GC(14) Concurrent Reset
[229,485s][info][gc] GC(14) Concurrent Reset 0,112ms
[231,500s][info][gc] GC(15) Pause Initial Mark 166M->166M(247M) 16,106ms
[231,501s][info][gc] GC(15) Concurrent Mark
[231,530s][info][gc] GC(15) Concurrent Mark 28,952ms
[231,530s][info][gc] GC(15) Concurrent Preclean
[231,530s][info][gc] GC(15) Concurrent Preclean 0,390ms
[231,530s][info][gc] GC(15) Concurrent Abortable Preclean
[234,879s][info][gc] GC(15) Concurrent Abortable Preclean 3349,404ms
[234,885s][info][gc] GC(15) Pause Remark 170M->170M(247M) 5,254ms
[234,885s][info][gc] GC(15) Concurrent Sweep
[234,909s][info][gc] GC(15) Concurrent Sweep 23,894ms
[234,909s][info][gc] GC(15) Concurrent Reset
[234,909s][info][gc] GC(15) Concurrent Reset 0,115ms
[236,925s][info][gc] GC(16) Pause Initial Mark 169M->169M(247M) 16,650ms
[236,925s][info][gc] GC(16) Concurrent Mark
[236,970s][info][gc] GC(16) Concurrent Mark 44,627ms
[236,970s][info][gc] GC(16) Concurrent Preclean
[236,970s][info][gc] GC(16) Concurrent Preclean 0,420ms
[236,970s][info][gc] GC(16) Concurrent Abortable Preclean
[237,081s][info][gc] GC(16) Concurrent Abortable Preclean 110,902ms
[237,085s][info][gc] GC(16) Pause Remark 170M->170M(247M) 4,213ms
[237,085s][info][gc] GC(16) Concurrent Sweep
[237,107s][info][gc] GC(16) Concurrent Sweep 21,847ms
[237,107s][info][gc] GC(16) Concurrent Reset
[237,107s][info][gc] GC(16) Concurrent Reset 0,127ms
[239,115s][info][gc] GC(17) Pause Initial Mark 170M->170M(247M) 7,767ms
[239,115s][info][gc] GC(17) Concurrent Mark
[239,141s][info][gc] GC(17) Concurrent Mark 26,796ms
[239,141s][info][gc] GC(17) Concurrent Preclean
[239,142s][info][gc] GC(17) Concurrent Preclean 0,423ms
[239,142s][info][gc] GC(17) Concurrent Abortable Preclean
[239,626s][info][gc] GC(17) Concurrent Abortable Preclean 484,397ms
[239,634s][info][gc] GC(17) Pause Remark 171M->171M(247M) 7,440ms
[239,634s][info][gc] GC(17) Concurrent Sweep
[239,653s][info][gc] GC(17) Concurrent Sweep 18,970ms
[239,653s][info][gc] GC(17) Concurrent Reset
[239,653s][info][gc] GC(17) Concurrent Reset 0,111ms
[241,660s][info][gc] GC(18) Pause Initial Mark 172M->172M(247M) 7,564ms
[241,660s][info][gc] GC(18) Concurrent Mark
[241,696s][info][gc] GC(18) Concurrent Mark 36,123ms
[241,696s][info][gc] GC(18) Concurrent Preclean
[241,697s][info][gc] GC(18) Concurrent Preclean 0,402ms
[241,697s][info][gc] GC(18) Concurrent Abortable Preclean
[241,697s][info][gc] GC(18) Concurrent Abortable Preclean 0,006ms
[241,702s][info][gc] GC(18) Pause Remark 172M->172M(247M) 4,965ms
[241,702s][info][gc] GC(18) Concurrent Sweep
[241,722s][info][gc] GC(18) Concurrent Sweep 20,028ms
[241,722s][info][gc] GC(18) Concurrent Reset
[241,722s][info][gc] GC(18) Concurrent Reset 0,132ms
[243,729s][info][gc] GC(19) Pause Initial Mark 174M->174M(247M) 8,120ms
[243,729s][info][gc] GC(19) Concurrent Mark
[243,754s][info][gc] GC(19) Concurrent Mark 24,847ms
[243,754s][info][gc] GC(19) Concurrent Preclean
[243,755s][info][gc] GC(19) Concurrent Preclean 0,376ms
[243,755s][info][gc] GC(19) Concurrent Abortable Preclean
[243,755s][info][gc] GC(19) Concurrent Abortable Preclean 0,005ms
[243,759s][info][gc] GC(19) Pause Remark 174M->174M(247M) 4,498ms
[243,759s][info][gc] GC(19) Concurrent Sweep
[243,780s][info][gc] GC(19) Concurrent Sweep 20,114ms
[243,780s][info][gc] GC(19) Concurrent Reset
[243,780s][info][gc] GC(19) Concurrent Reset 0,133ms
[245,790s][info][gc] GC(20) Pause Initial Mark 174M->174M(247M) 11,080ms
[245,790s][info][gc] GC(20) Concurrent Mark
[245,828s][info][gc] GC(20) Concurrent Mark 37,994ms
[245,828s][info][gc] GC(20) Concurrent Preclean
[245,829s][info][gc] GC(20) Concurrent Preclean 0,433ms
[245,829s][info][gc] GC(20) Concurrent Abortable Preclean
[245,829s][info][gc] GC(20) Concurrent Abortable Preclean 0,006ms
[245,834s][info][gc] GC(20) Pause Remark 174M->174M(247M) 5,270ms
[245,834s][info][gc] GC(20) Concurrent Sweep
[245,860s][info][gc] GC(20) Concurrent Sweep 25,518ms
[245,860s][info][gc] GC(20) Concurrent Reset
[245,860s][info][gc] GC(20) Concurrent Reset 0,135ms
[247,867s][info][gc] GC(21) Pause Initial Mark 176M->176M(247M) 8,156ms
[247,867s][info][gc] GC(21) Concurrent Mark
[247,892s][info][gc] GC(21) Concurrent Mark 24,339ms
[247,892s][info][gc] GC(21) Concurrent Preclean
[247,892s][info][gc] GC(21) Concurrent Preclean 0,382ms
[247,892s][info][gc] GC(21) Concurrent Abortable Preclean
[247,892s][info][gc] GC(21) Concurrent Abortable Preclean 0,006ms
[247,897s][info][gc] GC(21) Pause Remark 176M->176M(247M) 4,546ms
[247,897s][info][gc] GC(21) Concurrent Sweep
[247,932s][info][gc] GC(21) Concurrent Sweep 34,858ms
[247,932s][info][gc] GC(21) Concurrent Reset
[247,932s][info][gc] GC(21) Concurrent Reset 0,192ms
[249,940s][info][gc] GC(22) Pause Initial Mark 178M->178M(247M) 8,334ms
[249,940s][info][gc] GC(22) Concurrent Mark
[249,964s][info][gc] GC(22) Concurrent Mark 24,226ms
[249,964s][info][gc] GC(22) Concurrent Preclean
[249,964s][info][gc] GC(22) Concurrent Preclean 0,364ms
[249,964s][info][gc] GC(22) Concurrent Abortable Preclean
[249,964s][info][gc] GC(22) Concurrent Abortable Preclean 0,008ms
[249,969s][info][gc] GC(22) Pause Remark 178M->178M(247M) 4,811ms
[249,969s][info][gc] GC(22) Concurrent Sweep
[249,989s][info][gc] GC(22) Concurrent Sweep 19,416ms
[249,989s][info][gc] GC(22) Concurrent Reset
[249,989s][info][gc] GC(22) Concurrent Reset 0,116ms
[251,997s][info][gc] GC(23) Pause Initial Mark 179M->179M(247M) 8,395ms
[251,997s][info][gc] GC(23) Concurrent Mark
[252,023s][info][gc] GC(23) Concurrent Mark 26,496ms
[252,023s][info][gc] GC(23) Concurrent Preclean
[252,024s][info][gc] GC(23) Concurrent Preclean 0,388ms
[252,024s][info][gc] GC(23) Concurrent Abortable Preclean
[252,024s][info][gc] GC(23) Concurrent Abortable Preclean 0,005ms
[252,028s][info][gc] GC(23) Pause Remark 179M->179M(247M) 4,611ms
[252,029s][info][gc] GC(23) Concurrent Sweep
[252,062s][info][gc] GC(23) Concurrent Sweep 33,990ms
[252,063s][info][gc] GC(23) Concurrent Reset
[252,063s][info][gc] GC(23) Concurrent Reset 0,184ms
[254,070s][info][gc] GC(24) Pause Initial Mark 181M->181M(247M) 7,437ms
[254,070s][info][gc] GC(24) Concurrent Mark
[254,093s][info][gc] GC(24) Concurrent Mark 23,736ms
[254,093s][info][gc] GC(24) Concurrent Preclean
[254,094s][info][gc] GC(24) Concurrent Preclean 0,365ms
[254,094s][info][gc] GC(24) Concurrent Abortable Preclean
[254,094s][info][gc] GC(24) Concurrent Abortable Preclean 0,006ms
[254,099s][info][gc] GC(24) Pause Remark 181M->181M(247M) 4,693ms
[254,099s][info][gc] GC(24) Concurrent Sweep
[254,132s][info][gc] GC(24) Concurrent Sweep 33,230ms
[254,132s][info][gc] GC(24) Concurrent Reset
[254,132s][info][gc] GC(24) Concurrent Reset 0,179ms
[256,140s][info][gc] GC(25) Pause Initial Mark 182M->182M(247M) 8,681ms
[256,140s][info][gc] GC(25) Concurrent Mark
[256,165s][info][gc] GC(25) Concurrent Mark 24,850ms
[256,165s][info][gc] GC(25) Concurrent Preclean
[256,165s][info][gc] GC(25) Concurrent Preclean 0,403ms
[256,165s][info][gc] GC(25) Concurrent Abortable Preclean
[256,165s][info][gc] GC(25) Concurrent Abortable Preclean 0,006ms
[256,170s][info][gc] GC(25) Pause Remark 182M->182M(247M) 4,098ms
[256,170s][info][gc] GC(25) Concurrent Sweep
[256,188s][info][gc] GC(25) Concurrent Sweep 18,547ms
[256,188s][info][gc] GC(25) Concurrent Reset
[256,188s][info][gc] GC(25) Concurrent Reset 0,115ms
[258,196s][info][gc] GC(26) Pause Initial Mark 184M->184M(247M) 7,942ms
[258,196s][info][gc] GC(26) Concurrent Mark
[258,220s][info][gc] GC(26) Concurrent Mark 24,288ms
[258,220s][info][gc] GC(26) Concurrent Preclean
[258,220s][info][gc] GC(26) Concurrent Preclean 0,376ms
[258,220s][info][gc] GC(26) Concurrent Abortable Preclean
[258,220s][info][gc] GC(26) Concurrent Abortable Preclean 0,006ms
[258,225s][info][gc] GC(26) Pause Remark 184M->184M(247M) 4,927ms
[258,226s][info][gc] GC(26) Concurrent Sweep
[258,244s][info][gc] GC(26) Concurrent Sweep 18,491ms
[258,244s][info][gc] GC(26) Concurrent Reset
[258,244s][info][gc] GC(26) Concurrent Reset 0,114ms
[260,260s][info][gc] GC(27) Pause Initial Mark 186M->186M(247M) 16,206ms
[260,260s][info][gc] GC(27) Concurrent Mark
[260,309s][info][gc] GC(27) Concurrent Mark 49,052ms
[260,309s][info][gc] GC(27) Concurrent Preclean
[260,309s][info][gc] GC(27) Concurrent Preclean 0,398ms
[260,309s][info][gc] GC(27) Concurrent Abortable Preclean
[260,309s][info][gc] GC(27) Concurrent Abortable Preclean 0,006ms
[260,315s][info][gc] GC(27) Pause Remark 186M->186M(247M) 5,122ms
[260,315s][info][gc] GC(27) Concurrent Sweep
[260,334s][info][gc] GC(27) Concurrent Sweep 18,899ms
[260,334s][info][gc] GC(27) Concurrent Reset
[260,334s][info][gc] GC(27) Concurrent Reset 0,120ms
[262,341s][info][gc] GC(28) Pause Initial Mark 187M->187M(247M) 7,763ms
[262,341s][info][gc] GC(28) Concurrent Mark
[262,364s][info][gc] GC(28) Concurrent Mark 23,086ms
[262,364s][info][gc] GC(28) Concurrent Preclean
[262,364s][info][gc] GC(28) Concurrent Preclean 0,358ms
[262,364s][info][gc] GC(28) Concurrent Abortable Preclean
[262,364s][info][gc] GC(28) Concurrent Abortable Preclean 0,006ms
[262,369s][info][gc] GC(28) Pause Remark 187M->187M(247M) 4,941ms
[262,369s][info][gc] GC(28) Concurrent Sweep
[262,403s][info][gc] GC(28) Concurrent Sweep 33,810ms
[262,403s][info][gc] GC(28) Concurrent Reset
[262,404s][info][gc] GC(28) Concurrent Reset 0,205ms
[264,411s][info][gc] GC(29) Pause Initial Mark 188M->188M(247M) 8,035ms
[264,411s][info][gc] GC(29) Concurrent Mark
[264,434s][info][gc] GC(29) Concurrent Mark 23,018ms
[264,434s][info][gc] GC(29) Concurrent Preclean
[264,434s][info][gc] GC(29) Concurrent Preclean 0,365ms
[264,434s][info][gc] GC(29) Concurrent Abortable Preclean
[264,435s][info][gc] GC(29) Concurrent Abortable Preclean 0,006ms
[264,440s][info][gc] GC(29) Pause Remark 188M->188M(247M) 5,234ms
[264,440s][info][gc] GC(29) Concurrent Sweep
[264,473s][info][gc] GC(29) Concurrent Sweep 33,554ms
[264,474s][info][gc] GC(29) Concurrent Reset
[264,474s][info][gc] GC(29) Concurrent Reset 0,220ms
[266,481s][info][gc] GC(30) Pause Initial Mark 189M->189M(247M) 8,343ms
[266,482s][info][gc] GC(30) Concurrent Mark
[266,504s][info][gc] GC(30) Concurrent Mark 22,366ms
[266,504s][info][gc] GC(30) Concurrent Preclean
[266,504s][info][gc] GC(30) Concurrent Preclean 0,361ms
[266,504s][info][gc] GC(30) Concurrent Abortable Preclean
[266,504s][info][gc] GC(30) Concurrent Abortable Preclean 0,005ms
[266,509s][info][gc] GC(30) Pause Remark 189M->189M(247M) 5,109ms
[266,510s][info][gc] GC(30) Concurrent Sweep
[266,543s][info][gc] GC(30) Concurrent Sweep 32,973ms
[266,543s][info][gc] GC(30) Concurrent Reset
[266,543s][info][gc] GC(30) Concurrent Reset 0,203ms
[268,550s][info][gc] GC(31) Pause Initial Mark 191M->191M(247M) 8,019ms
[268,550s][info][gc] GC(31) Concurrent Mark
[268,573s][info][gc] GC(31) Concurrent Mark 22,457ms
[268,573s][info][gc] GC(31) Concurrent Preclean
[268,573s][info][gc] GC(31) Concurrent Preclean 0,364ms
[268,573s][info][gc] GC(31) Concurrent Abortable Preclean
[268,573s][info][gc] GC(31) Concurrent Abortable Preclean 0,006ms
[268,578s][info][gc] GC(31) Pause Remark 191M->191M(247M) 5,123ms
[268,578s][info][gc] GC(31) Concurrent Sweep
[268,597s][info][gc] GC(31) Concurrent Sweep 18,856ms
[268,597s][info][gc] GC(31) Concurrent Reset
[268,597s][info][gc] GC(31) Concurrent Reset 0,134ms
[270,614s][info][gc] GC(32) Pause Initial Mark 191M->191M(247M) 17,663ms
[270,615s][info][gc] GC(32) Concurrent Mark
[270,660s][info][gc] GC(32) Concurrent Mark 45,184ms
[270,660s][info][gc] GC(32) Concurrent Preclean
[270,660s][info][gc] GC(32) Concurrent Preclean 0,422ms
[270,660s][info][gc] GC(32) Concurrent Abortable Preclean
[270,660s][info][gc] GC(32) Concurrent Abortable Preclean 0,005ms
[270,666s][info][gc] GC(32) Pause Remark 191M->191M(247M) 5,378ms
[270,666s][info][gc] GC(32) Concurrent Sweep
[270,685s][info][gc] GC(32) Concurrent Sweep 19,155ms
[270,685s][info][gc] GC(32) Concurrent Reset
[270,685s][info][gc] GC(32) Concurrent Reset 0,135ms
[272,694s][info][gc] GC(33) Pause Initial Mark 193M->193M(247M) 9,045ms
[272,694s][info][gc] GC(33) Concurrent Mark
[272,717s][info][gc] GC(33) Concurrent Mark 23,473ms
[272,717s][info][gc] GC(33) Concurrent Preclean
[272,718s][info][gc] GC(33) Concurrent Preclean 0,477ms
[272,718s][info][gc] GC(33) Concurrent Abortable Preclean
[272,718s][info][gc] GC(33) Concurrent Abortable Preclean 0,006ms
[272,724s][info][gc] GC(33) Pause Remark 193M->193M(247M) 5,670ms
[272,724s][info][gc] GC(33) Concurrent Sweep
[272,742s][info][gc] GC(33) Concurrent Sweep 18,618ms
[272,742s][info][gc] GC(33) Concurrent Reset
[272,742s][info][gc] GC(33) Concurrent Reset 0,135ms
[274,751s][info][gc] GC(34) Pause Initial Mark 195M->195M(247M) 9,023ms
[274,751s][info][gc] GC(34) Concurrent Mark
[274,773s][info][gc] GC(34) Concurrent Mark 22,032ms
[274,773s][info][gc] GC(34) Concurrent Preclean
[274,773s][info][gc] GC(34) Concurrent Preclean 0,369ms
[274,773s][info][gc] GC(34) Concurrent Abortable Preclean
[274,773s][info][gc] GC(34) Concurrent Abortable Preclean 0,005ms
[274,779s][info][gc] GC(34) Pause Remark 195M->195M(247M) 5,447ms
[274,779s][info][gc] GC(34) Concurrent Sweep
[274,798s][info][gc] GC(34) Concurrent Sweep 18,668ms
[274,798s][info][gc] GC(34) Concurrent Reset
[274,798s][info][gc] GC(34) Concurrent Reset 0,135ms
[276,806s][info][gc] GC(35) Pause Initial Mark 196M->196M(247M) 8,805ms
[276,806s][info][gc] GC(35) Concurrent Mark
[276,828s][info][gc] GC(35) Concurrent Mark 22,102ms
[276,828s][info][gc] GC(35) Concurrent Preclean
[276,828s][info][gc] GC(35) Concurrent Preclean 0,378ms
[276,829s][info][gc] GC(35) Concurrent Abortable Preclean
[276,829s][info][gc] GC(35) Concurrent Abortable Preclean 0,005ms
[276,834s][info][gc] GC(35) Pause Remark 196M->196M(247M) 5,564ms
[276,834s][info][gc] GC(35) Concurrent Sweep
[276,862s][info][gc] GC(35) Concurrent Sweep 27,831ms
[276,862s][info][gc] GC(35) Concurrent Reset
[276,862s][info][gc] GC(35) Concurrent Reset 0,168ms
[278,867s][info][gc] GC(36) Pause Initial Mark 198M->198M(247M) 5,631ms
[278,867s][info][gc] GC(36) Concurrent Mark
[278,903s][info][gc] GC(36) Concurrent Mark 35,574ms
[278,903s][info][gc] GC(36) Concurrent Preclean
[278,903s][info][gc] GC(36) Concurrent Preclean 0,668ms
[278,903s][info][gc] GC(36) Concurrent Abortable Preclean
[278,903s][info][gc] GC(36) Concurrent Abortable Preclean 0,010ms
[278,910s][info][gc] GC(36) Pause Remark 198M->198M(247M) 6,855ms
[278,910s][info][gc] GC(36) Concurrent Sweep
[278,931s][info][gc] GC(36) Concurrent Sweep 20,819ms
[278,931s][info][gc] GC(36) Concurrent Reset
[278,931s][info][gc] GC(36) Concurrent Reset 0,132ms
[280,939s][info][gc] GC(37) Pause Initial Mark 198M->198M(247M) 7,883ms
[280,939s][info][gc] GC(37) Concurrent Mark
[280,970s][info][gc] GC(37) Concurrent Mark 30,926ms
[280,970s][info][gc] GC(37) Concurrent Preclean
[280,970s][info][gc] GC(37) Concurrent Preclean 0,366ms
[280,970s][info][gc] GC(37) Concurrent Abortable Preclean
[280,970s][info][gc] GC(37) Concurrent Abortable Preclean 0,005ms
[280,976s][info][gc] GC(37) Pause Remark 198M->198M(247M) 5,727ms
[280,976s][info][gc] GC(37) Concurrent Sweep
[281,008s][info][gc] GC(37) Concurrent Sweep 32,307ms
[281,008s][info][gc] GC(37) Concurrent Reset
[281,009s][info][gc] GC(37) Concurrent Reset 0,207ms
[283,017s][info][gc] GC(38) Pause Initial Mark 201M->201M(247M) 8,634ms
[283,017s][info][gc] GC(38) Concurrent Mark
[283,044s][info][gc] GC(38) Concurrent Mark 27,221ms
[283,044s][info][gc] GC(38) Concurrent Preclean
[283,044s][info][gc] GC(38) Concurrent Preclean 0,394ms
[283,044s][info][gc] GC(38) Concurrent Abortable Preclean
[283,044s][info][gc] GC(38) Concurrent Abortable Preclean 0,006ms
[283,050s][info][gc] GC(38) Pause Remark 201M->201M(247M) 6,033ms
[283,050s][info][gc] GC(38) Concurrent Sweep
[283,073s][info][gc] GC(38) Concurrent Sweep 22,855ms
[283,073s][info][gc] GC(38) Concurrent Reset
[283,074s][info][gc] GC(38) Concurrent Reset 0,152ms
[285,081s][info][gc] GC(39) Pause Initial Mark 202M->202M(247M) 8,005ms
[285,081s][info][gc] GC(39) Concurrent Mark
[285,105s][info][gc] GC(39) Concurrent Mark 24,213ms
[285,105s][info][gc] GC(39) Concurrent Preclean
[285,105s][info][gc] GC(39) Concurrent Preclean 0,379ms
[285,105s][info][gc] GC(39) Concurrent Abortable Preclean
[285,105s][info][gc] GC(39) Concurrent Abortable Preclean 0,005ms
[285,111s][info][gc] GC(39) Pause Remark 202M->202M(247M) 5,886ms
[285,111s][info][gc] GC(39) Concurrent Sweep
[285,129s][info][gc] GC(39) Concurrent Sweep 17,854ms
[285,129s][info][gc] GC(39) Concurrent Reset
[285,129s][info][gc] GC(39) Concurrent Reset 0,141ms
[286,824s][info][gc] GC(40) Pause Young (Allocation Failure) 203M->203M(247M) 0,048ms
[286,948s][info][gc] GC(41) Pause Full (Allocation Failure) 203M->196M(247M) 123,536ms
[286,953s][info][gc] GC(42) Pause Initial Mark 198M->198M(247M) 5,209ms
[286,953s][info][gc] GC(42) Concurrent Mark
[287,002s][info][gc] GC(42) Concurrent Mark 48,911ms
[287,002s][info][gc] GC(42) Concurrent Preclean
[287,045s][info][gc] GC(42) Concurrent Preclean 43,199ms
[287,045s][info][gc] GC(42) Concurrent Abortable Preclean
[287,045s][info][gc] GC(42) Concurrent Abortable Preclean 0,004ms
[287,054s][info][gc] GC(42) Pause Remark 198M->198M(247M) 8,880ms
[287,054s][info][gc] GC(42) Concurrent Sweep
[287,083s][info][gc] GC(42) Concurrent Sweep 28,657ms
[287,083s][info][gc] GC(42) Concurrent Reset
[287,083s][info][gc] GC(42) Concurrent Reset 0,134ms
[289,090s][info][gc] GC(43) Pause Initial Mark 199M->199M(247M) 7,690ms
[289,090s][info][gc] GC(43) Concurrent Mark
[289,132s][info][gc] GC(43) Concurrent Mark 41,542ms
[289,132s][info][gc] GC(43) Concurrent Preclean
[289,134s][info][gc] GC(43) Concurrent Preclean 2,488ms
[289,134s][info][gc] GC(43) Concurrent Abortable Preclean
[289,134s][info][gc] GC(43) Concurrent Abortable Preclean 0,007ms
[289,141s][info][gc] GC(43) Pause Remark 199M->199M(247M) 6,988ms
[289,142s][info][gc] GC(43) Concurrent Sweep
[289,177s][info][gc] GC(43) Concurrent Sweep 34,966ms
[289,177s][info][gc] GC(43) Concurrent Reset
[289,177s][info][gc] GC(43) Concurrent Reset 0,142ms
[291,186s][info][gc] GC(44) Pause Initial Mark 201M->201M(247M) 10,144ms
[291,186s][info][gc] GC(44) Concurrent Mark
[291,250s][info][gc] GC(44) Concurrent Mark 63,150ms
[291,250s][info][gc] GC(44) Concurrent Preclean
[291,252s][info][gc] GC(44) Concurrent Preclean 2,489ms
[291,252s][info][gc] GC(44) Concurrent Abortable Preclean
[291,252s][info][gc] GC(44) Concurrent Abortable Preclean 0,007ms
[291,259s][info][gc] GC(44) Pause Remark 201M->201M(247M) 7,083ms
[291,259s][info][gc] GC(44) Concurrent Sweep
[291,290s][info][gc] GC(44) Concurrent Sweep 30,430ms
[291,290s][info][gc] GC(44) Concurrent Reset
[291,290s][info][gc] GC(44) Concurrent Reset 0,139ms
[293,297s][info][gc] GC(45) Pause Initial Mark 202M->202M(247M) 7,850ms
[293,297s][info][gc] GC(45) Concurrent Mark
[293,338s][info][gc] GC(45) Concurrent Mark 40,922ms
[293,338s][info][gc] GC(45) Concurrent Preclean
[293,341s][info][gc] GC(45) Concurrent Preclean 2,490ms
[293,341s][info][gc] GC(45) Concurrent Abortable Preclean
[293,341s][info][gc] GC(45) Concurrent Abortable Preclean 0,007ms
[293,348s][info][gc] GC(45) Pause Remark 202M->202M(247M) 7,086ms
[293,348s][info][gc] GC(45) Concurrent Sweep
[293,383s][info][gc] GC(45) Concurrent Sweep 35,038ms
[293,383s][info][gc] GC(45) Concurrent Reset
[293,383s][info][gc] GC(45) Concurrent Reset 0,147ms
[295,389s][info][gc] GC(46) Pause Initial Mark 204M->204M(247M) 6,896ms
[295,390s][info][gc] GC(46) Concurrent Mark
[295,430s][info][gc] GC(46) Concurrent Mark 40,501ms
[295,430s][info][gc] GC(46) Concurrent Preclean
[295,433s][info][gc] GC(46) Concurrent Preclean 2,513ms
[295,433s][info][gc] GC(46) Concurrent Abortable Preclean
[295,433s][info][gc] GC(46) Concurrent Abortable Preclean 0,007ms
[295,440s][info][gc] GC(46) Pause Remark 204M->204M(247M) 7,154ms
[295,440s][info][gc] GC(46) Concurrent Sweep
[295,473s][info][gc] GC(46) Concurrent Sweep 33,288ms
[295,473s][info][gc] GC(46) Concurrent Reset
[295,473s][info][gc] GC(46) Concurrent Reset 0,140ms
[297,481s][info][gc] GC(47) Pause Initial Mark 204M->204M(247M) 8,332ms
[297,481s][info][gc] GC(47) Concurrent Mark
[297,522s][info][gc] GC(47) Concurrent Mark 41,004ms
[297,522s][info][gc] GC(47) Concurrent Preclean
[297,525s][info][gc] GC(47) Concurrent Preclean 2,471ms
[297,525s][info][gc] GC(47) Concurrent Abortable Preclean
[297,525s][info][gc] GC(47) Concurrent Abortable Preclean 0,007ms
[297,532s][info][gc] GC(47) Pause Remark 204M->204M(247M) 7,596ms
[297,533s][info][gc] GC(47) Concurrent Sweep
[297,563s][info][gc] GC(47) Concurrent Sweep 30,373ms
[297,563s][info][gc] GC(47) Concurrent Reset
[297,563s][info][gc] GC(47) Concurrent Reset 0,136ms
[299,576s][info][gc] GC(48) Pause Initial Mark 206M->206M(247M) 13,555ms
[299,576s][info][gc] GC(48) Concurrent Mark
[299,636s][info][gc] GC(48) Concurrent Mark 59,740ms
[299,636s][info][gc] GC(48) Concurrent Preclean
[299,639s][info][gc] GC(48) Concurrent Preclean 2,492ms
[299,639s][info][gc] GC(48) Concurrent Abortable Preclean
[299,639s][info][gc] GC(48) Concurrent Abortable Preclean 0,007ms
[299,647s][info][gc] GC(48) Pause Remark 206M->206M(247M) 7,816ms
[299,647s][info][gc] GC(48) Concurrent Sweep
[299,680s][info][gc] GC(48) Concurrent Sweep 33,532ms
[299,680s][info][gc] GC(48) Concurrent Reset
[299,680s][info][gc] GC(48) Concurrent Reset 0,158ms
[301,693s][info][gc] GC(49) Pause Initial Mark 208M->208M(247M) 12,774ms
[301,693s][info][gc] GC(49) Concurrent Mark
[301,759s][info][gc] GC(49) Concurrent Mark 66,555ms
[301,759s][info][gc] GC(49) Concurrent Preclean
[301,762s][info][gc] GC(49) Concurrent Preclean 2,480ms
[301,762s][info][gc] GC(49) Concurrent Abortable Preclean
[301,762s][info][gc] GC(49) Concurrent Abortable Preclean 0,008ms
[301,769s][info][gc] GC(49) Pause Remark 208M->208M(247M) 7,278ms
[301,769s][info][gc] GC(49) Concurrent Sweep
[301,814s][info][gc] GC(49) Concurrent Sweep 44,347ms
[301,814s][info][gc] GC(49) Concurrent Reset
[301,814s][info][gc] GC(49) Concurrent Reset 0,196ms
[303,821s][info][gc] GC(50) Pause Initial Mark 209M->209M(247M) 7,475ms
[303,821s][info][gc] GC(50) Concurrent Mark
[303,863s][info][gc] GC(50) Concurrent Mark 41,626ms
[303,863s][info][gc] GC(50) Concurrent Preclean
[303,866s][info][gc] GC(50) Concurrent Preclean 2,487ms
[303,866s][info][gc] GC(50) Concurrent Abortable Preclean
[303,866s][info][gc] GC(50) Concurrent Abortable Preclean 0,007ms
[303,874s][info][gc] GC(50) Pause Remark 209M->209M(247M) 8,332ms
[303,874s][info][gc] GC(50) Concurrent Sweep
[303,904s][info][gc] GC(50) Concurrent Sweep 30,099ms
[303,904s][info][gc] GC(50) Concurrent Reset
[303,904s][info][gc] GC(50) Concurrent Reset 0,160ms
[305,917s][info][gc] GC(51) Pause Initial Mark 211M->211M(247M) 13,621ms
[305,917s][info][gc] GC(51) Concurrent Mark
[305,973s][info][gc] GC(51) Concurrent Mark 55,881ms
[305,973s][info][gc] GC(51) Concurrent Preclean
[305,976s][info][gc] GC(51) Concurrent Preclean 2,935ms
[305,976s][info][gc] GC(51) Concurrent Abortable Preclean
[305,976s][info][gc] GC(51) Concurrent Abortable Preclean 0,008ms
[305,984s][info][gc] GC(51) Pause Remark 211M->211M(247M) 7,743ms
[305,984s][info][gc] GC(51) Concurrent Sweep
[306,014s][info][gc] GC(51) Concurrent Sweep 29,657ms
[306,014s][info][gc] GC(51) Concurrent Reset
[306,014s][info][gc] GC(51) Concurrent Reset 0,139ms
[308,022s][info][gc] GC(52) Pause Initial Mark 212M->212M(247M) 7,811ms
[308,022s][info][gc] GC(52) Concurrent Mark
[308,063s][info][gc] GC(52) Concurrent Mark 41,398ms
[308,063s][info][gc] GC(52) Concurrent Preclean
[308,066s][info][gc] GC(52) Concurrent Preclean 2,396ms
[308,066s][info][gc] GC(52) Concurrent Abortable Preclean
[308,066s][info][gc] GC(52) Concurrent Abortable Preclean 0,007ms
[308,073s][info][gc] GC(52) Pause Remark 212M->212M(247M) 7,180ms
[308,073s][info][gc] GC(52) Concurrent Sweep
[308,103s][info][gc] GC(52) Concurrent Sweep 30,168ms
[308,103s][info][gc] GC(52) Concurrent Reset
[308,103s][info][gc] GC(52) Concurrent Reset 0,140ms
[310,115s][info][gc] GC(53) Pause Initial Mark 214M->214M(247M) 12,623ms
[310,116s][info][gc] GC(53) Concurrent Mark
[310,189s][info][gc] GC(53) Concurrent Mark 73,347ms
[310,189s][info][gc] GC(53) Concurrent Preclean
[310,191s][info][gc] GC(53) Concurrent Preclean 2,494ms
[310,191s][info][gc] GC(53) Concurrent Abortable Preclean
[310,191s][info][gc] GC(53) Concurrent Abortable Preclean 0,007ms
[310,199s][info][gc] GC(53) Pause Remark 214M->214M(247M) 7,165ms
[310,199s][info][gc] GC(53) Concurrent Sweep
[310,228s][info][gc] GC(53) Concurrent Sweep 29,208ms
[310,228s][info][gc] GC(53) Concurrent Reset
[310,228s][info][gc] GC(53) Concurrent Reset 0,165ms
[312,240s][info][gc] GC(54) Pause Initial Mark 215M->215M(247M) 12,502ms
[312,240s][info][gc] GC(54) Concurrent Mark
[312,302s][info][gc] GC(54) Concurrent Mark 61,711ms
[312,302s][info][gc] GC(54) Concurrent Preclean
[312,305s][info][gc] GC(54) Concurrent Preclean 2,522ms
[312,305s][info][gc] GC(54) Concurrent Abortable Preclean
[312,305s][info][gc] GC(54) Concurrent Abortable Preclean 0,007ms
[312,312s][info][gc] GC(54) Pause Remark 215M->215M(247M) 7,395ms
[312,312s][info][gc] GC(54) Concurrent Sweep
[312,343s][info][gc] GC(54) Concurrent Sweep 30,643ms
[312,343s][info][gc] GC(54) Concurrent Reset
[312,343s][info][gc] GC(54) Concurrent Reset 0,164ms
[314,355s][info][gc] GC(55) Pause Initial Mark 217M->217M(247M) 12,340ms
[314,355s][info][gc] GC(55) Concurrent Mark
[314,417s][info][gc] GC(55) Concurrent Mark 62,277ms
[314,417s][info][gc] GC(55) Concurrent Preclean
[314,420s][info][gc] GC(55) Concurrent Preclean 2,482ms
[314,420s][info][gc] GC(55) Concurrent Abortable Preclean
[314,420s][info][gc] GC(55) Concurrent Abortable Preclean 0,007ms
[314,427s][info][gc] GC(55) Pause Remark 217M->217M(247M) 7,423ms
[314,427s][info][gc] GC(55) Concurrent Sweep
[314,456s][info][gc] GC(55) Concurrent Sweep 29,060ms
[314,456s][info][gc] GC(55) Concurrent Reset
[314,456s][info][gc] GC(55) Concurrent Reset 0,138ms
[316,465s][info][gc] GC(56) Pause Initial Mark 218M->218M(247M) 7,944ms
[316,465s][info][gc] GC(56) Concurrent Mark
[316,504s][info][gc] GC(56) Concurrent Mark 39,518ms
[316,504s][info][gc] GC(56) Concurrent Preclean
[316,507s][info][gc] GC(56) Concurrent Preclean 2,562ms
[316,507s][info][gc] GC(56) Concurrent Abortable Preclean
[316,507s][info][gc] GC(56) Concurrent Abortable Preclean 0,007ms
[316,515s][info][gc] GC(56) Pause Remark 219M->219M(247M) 7,527ms
[316,515s][info][gc] GC(56) Concurrent Sweep
[316,545s][info][gc] GC(56) Concurrent Sweep 30,002ms
[316,545s][info][gc] GC(56) Concurrent Reset
[316,545s][info][gc] GC(56) Concurrent Reset 0,142ms
[318,552s][info][gc] GC(57) Pause Initial Mark 220M->220M(247M) 7,629ms
[318,552s][info][gc] GC(57) Concurrent Mark
[318,592s][info][gc] GC(57) Concurrent Mark 40,272ms
[318,592s][info][gc] GC(57) Concurrent Preclean
[318,595s][info][gc] GC(57) Concurrent Preclean 2,438ms
[318,595s][info][gc] GC(57) Concurrent Abortable Preclean
[318,595s][info][gc] GC(57) Concurrent Abortable Preclean 0,006ms
[318,602s][info][gc] GC(57) Pause Remark 220M->220M(247M) 7,100ms
[318,602s][info][gc] GC(57) Concurrent Sweep
[318,632s][info][gc] GC(57) Concurrent Sweep 29,836ms
[318,632s][info][gc] GC(57) Concurrent Reset
[318,632s][info][gc] GC(57) Concurrent Reset 0,141ms
[320,640s][info][gc] GC(58) Pause Initial Mark 222M->222M(247M) 8,259ms
[320,640s][info][gc] GC(58) Concurrent Mark
[320,680s][info][gc] GC(58) Concurrent Mark 40,041ms
[320,680s][info][gc] GC(58) Concurrent Preclean
[320,682s][info][gc] GC(58) Concurrent Preclean 2,387ms
[320,682s][info][gc] GC(58) Concurrent Abortable Preclean
[320,682s][info][gc] GC(58) Concurrent Abortable Preclean 0,007ms
[320,689s][info][gc] GC(58) Pause Remark 222M->222M(247M) 7,024ms
[320,690s][info][gc] GC(58) Concurrent Sweep
[320,721s][info][gc] GC(58) Concurrent Sweep 31,879ms
[320,721s][info][gc] GC(58) Concurrent Reset
[320,722s][info][gc] GC(58) Concurrent Reset 0,143ms
[322,729s][info][gc] GC(59) Pause Initial Mark 223M->223M(247M) 8,013ms
[322,729s][info][gc] GC(59) Concurrent Mark
[322,768s][info][gc] GC(59) Concurrent Mark 38,865ms
[322,768s][info][gc] GC(59) Concurrent Preclean
[322,770s][info][gc] GC(59) Concurrent Preclean 2,557ms
[322,771s][info][gc] GC(59) Concurrent Abortable Preclean
[322,771s][info][gc] GC(59) Concurrent Abortable Preclean 0,007ms
[322,778s][info][gc] GC(59) Pause Remark 223M->223M(247M) 7,323ms
[322,778s][info][gc] GC(59) Concurrent Sweep
[322,821s][info][gc] GC(59) Concurrent Sweep 42,801ms
[322,821s][info][gc] GC(59) Concurrent Reset
[322,821s][info][gc] GC(59) Concurrent Reset 0,195ms
[324,828s][info][gc] GC(60) Pause Initial Mark 225M->225M(247M) 7,838ms
[324,828s][info][gc] GC(60) Concurrent Mark
[324,867s][info][gc] GC(60) Concurrent Mark 39,203ms
[324,867s][info][gc] GC(60) Concurrent Preclean
[324,870s][info][gc] GC(60) Concurrent Preclean 2,520ms
[324,870s][info][gc] GC(60) Concurrent Abortable Preclean
[324,870s][info][gc] GC(60) Concurrent Abortable Preclean 0,011ms
[324,877s][info][gc] GC(60) Pause Remark 225M->225M(247M) 7,340ms
[324,878s][info][gc] GC(60) Concurrent Sweep
[324,907s][info][gc] GC(60) Concurrent Sweep 29,404ms
[324,907s][info][gc] GC(60) Concurrent Reset
[324,907s][info][gc] GC(60) Concurrent Reset 0,143ms
[326,917s][info][gc] GC(61) Pause Initial Mark 225M->225M(247M) 9,405ms
[326,918s][info][gc] GC(61) Concurrent Mark
[326,969s][info][gc] GC(61) Concurrent Mark 51,468ms
[326,969s][info][gc] GC(61) Concurrent Preclean
[326,971s][info][gc] GC(61) Concurrent Preclean 2,106ms
[326,971s][info][gc] GC(61) Concurrent Abortable Preclean
[326,971s][info][gc] GC(61) Concurrent Abortable Preclean 0,008ms
[326,979s][info][gc] GC(61) Pause Remark 225M->225M(247M) 7,662ms
[326,979s][info][gc] GC(61) Concurrent Sweep
[327,005s][info][gc] GC(61) Concurrent Sweep 26,289ms
[327,005s][info][gc] GC(61) Concurrent Reset
[327,005s][info][gc] GC(61) Concurrent Reset 0,135ms
[329,013s][info][gc] GC(62) Pause Initial Mark 226M->226M(247M) 8,313ms
[329,013s][info][gc] GC(62) Concurrent Mark
[329,050s][info][gc] GC(62) Concurrent Mark 37,187ms
[329,050s][info][gc] GC(62) Concurrent Preclean
[329,053s][info][gc] GC(62) Concurrent Preclean 2,256ms
[329,053s][info][gc] GC(62) Concurrent Abortable Preclean
[329,053s][info][gc] GC(62) Concurrent Abortable Preclean 0,009ms
[329,060s][info][gc] GC(62) Pause Remark 226M->226M(247M) 7,165ms
[329,060s][info][gc] GC(62) Concurrent Sweep
[329,088s][info][gc] GC(62) Concurrent Sweep 28,160ms
[329,088s][info][gc] GC(62) Concurrent Reset
[329,088s][info][gc] GC(62) Concurrent Reset 0,140ms
[331,096s][info][gc] GC(63) Pause Initial Mark 228M->228M(247M) 8,098ms
[331,096s][info][gc] GC(63) Concurrent Mark
[331,134s][info][gc] GC(63) Concurrent Mark 38,646ms
[331,134s][info][gc] GC(63) Concurrent Preclean
[331,137s][info][gc] GC(63) Concurrent Preclean 2,418ms
[331,137s][info][gc] GC(63) Concurrent Abortable Preclean
[331,137s][info][gc] GC(63) Concurrent Abortable Preclean 0,009ms
[331,145s][info][gc] GC(63) Pause Remark 228M->228M(247M) 8,017ms
[331,145s][info][gc] GC(63) Concurrent Sweep
[331,173s][info][gc] GC(63) Concurrent Sweep 28,147ms
[331,173s][info][gc] GC(63) Concurrent Reset
[331,173s][info][gc] GC(63) Concurrent Reset 0,145ms
[333,181s][info][gc] GC(64) Pause Initial Mark 229M->229M(247M) 8,603ms
[333,181s][info][gc] GC(64) Concurrent Mark
[333,222s][info][gc] GC(64) Concurrent Mark 40,125ms
[333,222s][info][gc] GC(64) Concurrent Preclean
[333,224s][info][gc] GC(64) Concurrent Preclean 2,429ms
[333,224s][info][gc] GC(64) Concurrent Abortable Preclean
[333,224s][info][gc] GC(64) Concurrent Abortable Preclean 0,009ms
[333,231s][info][gc] GC(64) Pause Remark 229M->229M(247M) 7,253ms
[333,231s][info][gc] GC(64) Concurrent Sweep
[333,260s][info][gc] GC(64) Concurrent Sweep 28,287ms
[333,260s][info][gc] GC(64) Concurrent Reset
[333,260s][info][gc] GC(64) Concurrent Reset 0,162ms
[335,267s][info][gc] GC(65) Pause Initial Mark 230M->230M(247M) 7,383ms
[335,267s][info][gc] GC(65) Concurrent Mark
[335,305s][info][gc] GC(65) Concurrent Mark 38,478ms
[335,305s][info][gc] GC(65) Concurrent Preclean
[335,308s][info][gc] GC(65) Concurrent Preclean 2,326ms
[335,308s][info][gc] GC(65) Concurrent Abortable Preclean
[335,308s][info][gc] GC(65) Concurrent Abortable Preclean 0,006ms
[335,315s][info][gc] GC(65) Pause Remark 230M->230M(247M) 7,805ms
[335,316s][info][gc] GC(65) Concurrent Sweep
[335,355s][info][gc] GC(65) Concurrent Sweep 39,193ms
[335,355s][info][gc] GC(65) Concurrent Reset
[335,355s][info][gc] GC(65) Concurrent Reset 0,198ms
[337,363s][info][gc] GC(66) Pause Initial Mark 231M->231M(247M) 8,939ms
[337,363s][info][gc] GC(66) Concurrent Mark
[337,402s][info][gc] GC(66) Concurrent Mark 39,030ms
[337,402s][info][gc] GC(66) Concurrent Preclean
[337,405s][info][gc] GC(66) Concurrent Preclean 2,335ms
[337,405s][info][gc] GC(66) Concurrent Abortable Preclean
[337,405s][info][gc] GC(66) Concurrent Abortable Preclean 0,007ms
[337,413s][info][gc] GC(66) Pause Remark 231M->231M(247M) 8,213ms
[337,413s][info][gc] GC(66) Concurrent Sweep
[337,453s][info][gc] GC(66) Concurrent Sweep 40,367ms
[337,454s][info][gc] GC(66) Concurrent Reset
[337,454s][info][gc] GC(66) Concurrent Reset 0,217ms
[338,330s][info][gc] GC(67) Pause Young (Allocation Failure) 232M->232M(247M) 0,121ms
[338,481s][info][gc] GC(68) Pause Full (Allocation Failure) 232M->228M(247M) 150,518ms
[338,494s][info][gc] GC(69) Pause Initial Mark 229M->229M(247M) 12,397ms
[338,494s][info][gc] GC(69) Concurrent Mark
[338,541s][info][gc] GC(69) Concurrent Mark 47,011ms
[338,541s][info][gc] GC(69) Concurrent Preclean
[338,581s][info][gc] GC(69) Concurrent Preclean 40,526ms
[338,581s][info][gc] GC(69) Concurrent Abortable Preclean
[338,581s][info][gc] GC(69) Concurrent Abortable Preclean 0,005ms
[338,596s][info][gc] GC(69) Pause Remark 229M->229M(247M) 14,977ms
[338,596s][info][gc] GC(69) Concurrent Sweep
[338,627s][info][gc] GC(69) Concurrent Sweep 30,086ms
[338,627s][info][gc] GC(69) Concurrent Reset
[338,627s][info][gc] GC(69) Concurrent Reset 0,170ms
[340,642s][info][gc] GC(70) Pause Initial Mark 231M->231M(247M) 14,653ms
[340,642s][info][gc] GC(70) Concurrent Mark
[340,683s][info][gc] GC(70) Concurrent Mark 41,015ms
[340,683s][info][gc] GC(70) Concurrent Preclean
[340,685s][info][gc] GC(70) Concurrent Preclean 2,539ms
[340,685s][info][gc] GC(70) Concurrent Abortable Preclean
[340,685s][info][gc] GC(70) Concurrent Abortable Preclean 0,007ms
[340,700s][info][gc] GC(70) Pause Remark 231M->231M(247M) 14,622ms
[340,700s][info][gc] GC(70) Concurrent Sweep
[340,733s][info][gc] GC(70) Concurrent Sweep 32,974ms
[340,733s][info][gc] GC(70) Concurrent Reset
[340,733s][info][gc] GC(70) Concurrent Reset 0,139ms
[342,748s][info][gc] GC(71) Pause Initial Mark 232M->232M(247M) 15,115ms
[342,748s][info][gc] GC(71) Concurrent Mark
[342,789s][info][gc] GC(71) Concurrent Mark 41,090ms
[342,789s][info][gc] GC(71) Concurrent Preclean
[342,792s][info][gc] GC(71) Concurrent Preclean 2,511ms
[342,792s][info][gc] GC(71) Concurrent Abortable Preclean
[342,792s][info][gc] GC(71) Concurrent Abortable Preclean 0,007ms
[342,806s][info][gc] GC(71) Pause Remark 232M->232M(247M) 14,009ms
[342,806s][info][gc] GC(71) Concurrent Sweep
[342,841s][info][gc] GC(71) Concurrent Sweep 34,752ms
[342,841s][info][gc] GC(71) Concurrent Reset
[342,841s][info][gc] GC(71) Concurrent Reset 0,144ms
[344,855s][info][gc] GC(72) Pause Initial Mark 237M->237M(247M) 14,446ms
[344,855s][info][gc] GC(72) Concurrent Mark
[344,884s][info][gc] GC(72) Concurrent Mark 29,915ms
[344,885s][info][gc] GC(72) Concurrent Preclean
[344,885s][info][gc] GC(72) Concurrent Preclean 0,404ms
[344,885s][info][gc] GC(72) Concurrent Abortable Preclean
[344,885s][info][gc] GC(72) Concurrent Abortable Preclean 0,005ms
[344,897s][info][gc] GC(72) Pause Remark 237M->237M(247M) 12,115ms
[344,897s][info][gc] GC(72) Concurrent Sweep
[344,929s][info][gc] GC(72) Concurrent Sweep 31,853ms
[344,929s][info][gc] GC(72) Concurrent Reset
[344,929s][info][gc] GC(72) Concurrent Reset 0,141ms
[346,949s][info][gc] GC(73) Pause Initial Mark 235M->235M(247M) 20,362ms
[346,949s][info][gc] GC(73) Concurrent Mark
[346,986s][info][gc] GC(73) Concurrent Mark 36,777ms
[346,986s][info][gc] GC(73) Concurrent Preclean
[346,986s][info][gc] GC(73) Concurrent Preclean 0,427ms
[346,986s][info][gc] GC(73) Concurrent Abortable Preclean
[346,986s][info][gc] GC(73) Concurrent Abortable Preclean 0,006ms
[347,000s][info][gc] GC(73) Pause Remark 235M->235M(247M) 13,252ms
[347,000s][info][gc] GC(73) Concurrent Sweep
[347,028s][info][gc] GC(73) Concurrent Sweep 28,790ms
[347,028s][info][gc] GC(73) Concurrent Reset
[347,029s][info][gc] GC(73) Concurrent Reset 0,128ms
[349,043s][info][gc] GC(74) Pause Initial Mark 237M->237M(247M) 15,026ms
[349,043s][info][gc] GC(74) Concurrent Mark
[349,076s][info][gc] GC(74) Concurrent Mark 32,862ms
[349,076s][info][gc] GC(74) Concurrent Preclean
[349,077s][info][gc] GC(74) Concurrent Preclean 0,395ms
[349,077s][info][gc] GC(74) Concurrent Abortable Preclean
[349,077s][info][gc] GC(74) Concurrent Abortable Preclean 0,005ms
[349,091s][info][gc] GC(74) Pause Remark 237M->237M(247M) 14,227ms
[349,091s][info][gc] GC(74) Concurrent Sweep
[349,123s][info][gc] GC(74) Concurrent Sweep 32,379ms
[349,123s][info][gc] GC(74) Concurrent Reset
[349,124s][info][gc] GC(74) Concurrent Reset 0,142ms
[351,146s][info][gc] GC(75) Pause Initial Mark 238M->238M(247M) 23,302ms
[351,146s][info][gc] GC(75) Concurrent Mark
[351,192s][info][gc] GC(75) Concurrent Mark 45,707ms
[351,192s][info][gc] GC(75) Concurrent Preclean
[351,192s][info][gc] GC(75) Concurrent Preclean 0,415ms
[351,192s][info][gc] GC(75) Concurrent Abortable Preclean
[351,192s][info][gc] GC(75) Concurrent Abortable Preclean 0,005ms
[351,205s][info][gc] GC(75) Pause Remark 238M->238M(247M) 12,427ms
[351,205s][info][gc] GC(75) Concurrent Sweep
[351,233s][info][gc] GC(75) Concurrent Sweep 28,422ms
[351,234s][info][gc] GC(75) Concurrent Reset
[351,234s][info][gc] GC(75) Concurrent Reset 0,135ms
[353,247s][info][gc] GC(76) Pause Initial Mark 239M->239M(247M) 14,296ms
[353,247s][info][gc] GC(76) Concurrent Mark
[353,280s][info][gc] GC(76) Concurrent Mark 32,706ms
[353,280s][info][gc] GC(76) Concurrent Preclean
[353,281s][info][gc] GC(76) Concurrent Preclean 0,393ms
[353,281s][info][gc] GC(76) Concurrent Abortable Preclean
[353,281s][info][gc] GC(76) Concurrent Abortable Preclean 0,004ms
[353,293s][info][gc] GC(76) Pause Remark 239M->239M(247M) 12,565ms
[353,293s][info][gc] GC(76) Concurrent Sweep
[353,335s][info][gc] GC(76) Concurrent Sweep 42,235ms
[353,336s][info][gc] GC(76) Concurrent Reset
[353,336s][info][gc] GC(76) Concurrent Reset 0,185ms
[355,191s][info][gc] GC(77) Pause Young (Allocation Failure) 241M->241M(247M) 0,108ms
[355,325s][info][gc] GC(78) Pause Full (Allocation Failure) 241M->239M(247M) 134,748ms
[355,346s][info][gc] GC(79) Pause Initial Mark 239M->239M(247M) 20,068ms
[355,346s][info][gc] GC(79) Concurrent Mark
[355,380s][info][gc] GC(79) Concurrent Mark 33,810ms
[355,380s][info][gc] GC(79) Concurrent Preclean
[355,414s][info][gc] GC(79) Concurrent Preclean 34,931ms
[355,414s][info][gc] GC(79) Concurrent Abortable Preclean
[355,414s][info][gc] GC(79) Concurrent Abortable Preclean 0,004ms
[355,435s][info][gc] GC(79) Pause Remark 239M->239M(247M) 20,827ms
[355,435s][info][gc] GC(79) Concurrent Sweep
[355,470s][info][gc] GC(79) Concurrent Sweep 34,308ms
[355,470s][info][gc] GC(79) Concurrent Reset
[355,470s][info][gc] GC(79) Concurrent Reset 0,143ms
[357,492s][info][gc] GC(80) Pause Initial Mark 241M->241M(247M) 22,234ms
[357,492s][info][gc] GC(80) Concurrent Mark
[357,525s][info][gc] GC(80) Concurrent Mark 32,130ms
[357,525s][info][gc] GC(80) Concurrent Preclean
[357,525s][info][gc] GC(80) Concurrent Preclean 0,456ms
[357,525s][info][gc] GC(80) Concurrent Abortable Preclean
[357,525s][info][gc] GC(80) Concurrent Abortable Preclean 0,006ms
[357,542s][info][gc] GC(80) Pause Remark 241M->241M(247M) 17,317ms
[357,542s][info][gc] GC(80) Concurrent Sweep
[357,574s][info][gc] GC(80) Concurrent Sweep 31,206ms
[357,574s][info][gc] GC(80) Concurrent Reset
[357,574s][info][gc] GC(80) Concurrent Reset 0,143ms
[359,615s][info][gc] GC(81) Pause Initial Mark 242M->242M(247M) 41,613ms
[359,615s][info][gc] GC(81) Concurrent Mark
[359,654s][info][gc] GC(81) Concurrent Mark 39,460ms
[359,654s][info][gc] GC(81) Concurrent Preclean
[359,655s][info][gc] GC(81) Concurrent Preclean 0,415ms
[359,655s][info][gc] GC(81) Concurrent Abortable Preclean
[359,655s][info][gc] GC(81) Concurrent Abortable Preclean 0,005ms
[359,672s][info][gc] GC(81) Pause Remark 242M->242M(247M) 17,076ms
[359,672s][info][gc] GC(81) Concurrent Sweep
[359,706s][info][gc] GC(81) Concurrent Sweep 34,300ms
[359,706s][info][gc] GC(81) Concurrent Reset
[359,706s][info][gc] GC(81) Concurrent Reset 0,143ms
[361,749s][info][gc] GC(82) Pause Initial Mark 243M->243M(247M) 43,477ms
[361,749s][info][gc] GC(82) Concurrent Mark
[361,786s][info][gc] GC(82) Concurrent Mark 36,141ms
[361,786s][info][gc] GC(82) Concurrent Preclean
[361,786s][info][gc] GC(82) Concurrent Preclean 0,403ms
[361,786s][info][gc] GC(82) Concurrent Abortable Preclean
[361,786s][info][gc] GC(82) Concurrent Abortable Preclean 0,006ms
[361,804s][info][gc] GC(82) Pause Remark 244M->244M(247M) 17,680ms
[361,804s][info][gc] GC(82) Concurrent Sweep
[361,834s][info][gc] GC(82) Concurrent Sweep 30,429ms
[361,834s][info][gc] GC(82) Concurrent Reset
[361,834s][info][gc] GC(82) Concurrent Reset 0,139ms
[363,856s][info][gc] GC(83) Pause Initial Mark 245M->245M(247M) 21,474ms
[363,856s][info][gc] GC(83) Concurrent Mark
[363,890s][info][gc] GC(83) Concurrent Mark 33,999ms
[363,890s][info][gc] GC(83) Concurrent Preclean
[363,890s][info][gc] GC(83) Concurrent Preclean 0,401ms
[363,890s][info][gc] GC(83) Concurrent Abortable Preclean
[363,890s][info][gc] GC(83) Concurrent Abortable Preclean 0,005ms
[363,908s][info][gc] GC(83) Pause Remark 245M->245M(247M) 17,188ms
[363,908s][info][gc] GC(83) Concurrent Sweep
[363,937s][info][gc] GC(83) Concurrent Sweep 29,171ms
[363,937s][info][gc] GC(83) Concurrent Reset
[363,937s][info][gc] GC(83) Concurrent Reset 0,143ms
[364,178s][info][gc] GC(84) Pause Young (Allocation Failure) 245M->245M(247M) 0,120ms
[364,344s][info][gc] GC(85) Pause Full (Allocation Failure) 245M->244M(247M) 165,839ms
[364,367s][info][gc] GC(86) Pause Initial Mark 244M->244M(247M) 22,977ms
[364,367s][info][gc] GC(86) Concurrent Mark
[364,404s][info][gc] GC(86) Concurrent Mark 36,702ms
[364,404s][info][gc] GC(86) Concurrent Preclean
[364,439s][info][gc] GC(86) Concurrent Preclean 35,687ms
[364,439s][info][gc] GC(86) Concurrent Abortable Preclean
[364,439s][info][gc] GC(86) Concurrent Abortable Preclean 0,004ms
[364,458s][info][gc] GC(86) Pause Remark 244M->244M(247M) 18,163ms
[364,458s][info][gc] GC(86) Concurrent Sweep
[364,490s][info][gc] GC(86) Concurrent Sweep 32,424ms
[364,490s][info][gc] GC(86) Concurrent Reset
[364,490s][info][gc] GC(86) Concurrent Reset 0,144ms
[366,513s][info][gc] GC(87) Pause Initial Mark 246M->246M(247M) 22,014ms
[366,513s][info][gc] GC(87) Concurrent Mark
[366,544s][info][gc] GC(87) Concurrent Mark 31,223ms
[366,544s][info][gc] GC(87) Concurrent Preclean
[366,544s][info][gc] GC(87) Concurrent Preclean 0,423ms
[366,545s][info][gc] GC(87) Concurrent Abortable Preclean
[366,545s][info][gc] GC(87) Concurrent Abortable Preclean 0,005ms
[366,564s][info][gc] GC(87) Pause Remark 246M->246M(247M) 19,166ms
[366,564s][info][gc] GC(87) Concurrent Sweep
[366,596s][info][gc] GC(87) Concurrent Sweep 31,874ms
[366,596s][info][gc] GC(87) Concurrent Reset
[366,596s][info][gc] GC(87) Concurrent Reset 0,176ms
[367,476s][info][gc] GC(88) Pause Young (Allocation Failure) 246M->246M(247M) 0,105ms
[367,616s][info][gc] GC(89) Pause Full (Allocation Failure) 246M->246M(247M) 139,770ms
[367,639s][info][gc] GC(90) Pause Initial Mark 246M->246M(247M) 23,049ms
[367,639s][info][gc] GC(90) Concurrent Mark
[367,679s][info][gc] GC(90) Concurrent Mark 40,076ms
[367,679s][info][gc] GC(90) Concurrent Preclean
[367,716s][info][gc] GC(90) Concurrent Preclean 36,760ms
[367,716s][info][gc] GC(90) Concurrent Abortable Preclean
[367,716s][info][gc] GC(90) Concurrent Abortable Preclean 0,004ms
[367,734s][info][gc] GC(90) Pause Remark 246M->246M(247M) 18,122ms
[367,734s][info][gc] GC(90) Concurrent Sweep
[367,765s][info][gc] GC(90) Concurrent Sweep 30,670ms
[367,765s][info][gc] GC(90) Concurrent Reset
[367,765s][info][gc] GC(90) Concurrent Reset 0,142ms
[368,822s][info][gc] GC(91) Pause Young (Allocation Failure) 247M->247M(247M) 0,118ms
[368,956s][info][gc] GC(92) Pause Full (Allocation Failure) 247M->247M(247M) 134,027ms
[368,978s][info][gc] GC(93) Pause Initial Mark 247M->247M(247M) 21,101ms
[368,978s][info][gc] GC(93) Concurrent Mark
[369,011s][info][gc] GC(93) Concurrent Mark 32,678ms
[369,011s][info][gc] GC(93) Concurrent Preclean
[369,047s][info][gc] GC(93) Concurrent Preclean 36,604ms
[369,047s][info][gc] GC(93) Concurrent Abortable Preclean
[369,047s][info][gc] GC(93) Concurrent Abortable Preclean 0,004ms
[369,065s][info][gc] GC(93) Pause Remark 247M->247M(247M) 17,421ms
[369,065s][info][gc] GC(93) Concurrent Sweep
[369,097s][info][gc] GC(93) Concurrent Sweep 31,694ms
[369,097s][info][gc] GC(93) Concurrent Reset
[369,097s][info][gc] GC(93) Concurrent Reset 0,146ms
[369,342s][info][gc] GC(94) Pause Young (Allocation Failure) 247M->247M(247M) 0,120ms
[369,503s][info][gc] GC(95) Pause Full (Allocation Failure) 247M->247M(247M) 161,550ms
[369,525s][info][gc] GC(96) Pause Initial Mark 247M->247M(247M) 20,984ms
[369,525s][info][gc] GC(96) Concurrent Mark
[369,558s][info][gc] GC(96) Concurrent Mark 33,145ms
[369,558s][info][gc] GC(96) Concurrent Preclean
[369,594s][info][gc] GC(96) Concurrent Preclean 35,976ms
[369,594s][info][gc] GC(96) Concurrent Abortable Preclean
[369,594s][info][gc] GC(96) Concurrent Abortable Preclean 0,005ms
[369,612s][info][gc] GC(96) Pause Remark 247M->247M(247M) 17,489ms
[369,612s][info][gc] GC(96) Concurrent Sweep
[369,644s][info][gc] GC(96) Concurrent Sweep 32,365ms
[369,782s][info][gc] GC(97) Pause Full (Allocation Failure) 247M->247M(247M) 148,357ms
[369,934s][info][gc] GC(98) Pause Full (Allocation Failure) 247M->247M(247M) 140,467ms
[369,955s][info][gc] GC(99) Pause Initial Mark 247M->247M(247M) 20,577ms
[369,955s][info][gc] GC(99) Concurrent Mark
[369,992s][info][gc] GC(99) Concurrent Mark 37,280ms
[370,141s][info][gc] GC(100) Pause Full (Allocation Failure) 247M->247M(247M) 181,750ms
[370,279s][info][gc] GC(101) Pause Full (Allocation Failure) 247M->247M(247M) 137,394ms
[370,299s][info][gc] GC(102) Pause Initial Mark 247M->247M(247M) 20,348ms
[370,299s][info][gc] GC(102) Concurrent Mark
[370,336s][info][gc] GC(102) Concurrent Mark 37,340ms
[370,466s][info][gc] GC(103) Pause Full (Allocation Failure) 247M->247M(247M) 166,656ms
[370,578s][info][gc] GC(104) Pause Full (Allocation Failure) 247M->247M(247M) 111,986ms
[370,600s][info][gc] GC(105) Pause Initial Mark 247M->247M(247M) 21,307ms
[370,600s][info][gc] GC(105) Concurrent Mark
[370,641s][info][gc] GC(105) Concurrent Mark 40,548ms
[370,774s][info][gc] GC(106) Pause Full (Allocation Failure) 247M->247M(247M) 174,015ms
[370,921s][info][gc] GC(107) Pause Full (Allocation Failure) 247M->247M(247M) 146,364ms
[371,059s][info][gc] GC(108) Pause Full (Allocation Failure) 247M->247M(247M) 137,147ms
[371,080s][info][gc] GC(109) Pause Initial Mark 247M->247M(247M) 20,832ms
[371,080s][info][gc] GC(109) Concurrent Mark
[371,115s][info][gc] GC(109) Concurrent Mark 34,997ms
[371,230s][info][gc] GC(110) Pause Full (Allocation Failure) 247M->247M(247M) 149,276ms
[371,363s][info][gc] GC(111) Pause Full (Allocation Failure) 247M->247M(247M) 133,071ms
[371,472s][info][gc] GC(113) Pause Full (Allocation Failure) 247M->247M(247M) 108,739ms
[371,605s][info][gc] GC(114) Pause Full (Allocation Failure) 247M->247M(247M) 132,573ms
[371,713s][info][gc] GC(115) Pause Full (Allocation Failure) 247M->247M(247M) 107,483ms
[371,821s][info][gc] GC(116) Pause Full (Allocation Failure) 247M->247M(247M) 107,604ms
[371,929s][info][gc] GC(117) Pause Full (Allocation Failure) 247M->247M(247M) 108,513ms
[371,950s][info][gc] GC(112) Pause Initial Mark 247M->247M(247M) 20,554ms
[371,950s][info][gc] GC(112) Concurrent Mark
[371,984s][info][gc] GC(112) Concurrent Mark 34,186ms
[372,113s][info][gc] GC(118) Pause Full (Allocation Failure) 247M->247M(247M) 162,461ms
[372,223s][info][gc] GC(119) Pause Full (Allocation Failure) 247M->247M(247M) 109,644ms
[372,332s][info][gc] GC(120) Pause Full (Allocation Failure) 247M->247M(247M) 109,368ms
[372,354s][info][gc] GC(121) Pause Initial Mark 247M->247M(247M) 20,896ms
[372,354s][info][gc] GC(121) Concurrent Mark
[372,391s][info][gc] GC(121) Concurrent Mark 37,413ms
[372,522s][info][gc] GC(122) Pause Full (Allocation Failure) 247M->247M(247M) 168,199ms
[372,656s][info][gc] GC(123) Pause Full (Allocation Failure) 247M->247M(247M) 132,971ms
[372,677s][info][gc] GC(124) Pause Initial Mark 247M->247M(247M) 20,556ms
[372,677s][info][gc] GC(124) Concurrent Mark
[372,718s][info][gc] GC(124) Concurrent Mark 41,697ms
[372,824s][info][gc] GC(125) Pause Full (Allocation Failure) 247M->247M(247M) 147,318ms
[372,933s][info][gc] GC(126) Pause Full (Allocation Failure) 247M->247M(247M) 108,710ms
[372,955s][info][gc] GC(127) Pause Initial Mark 247M->247M(247M) 21,334ms
[372,955s][info][gc] GC(127) Concurrent Mark
[372,995s][info][gc] GC(127) Concurrent Mark 40,589ms
[373,099s][info][gc] GC(128) Pause Full (Allocation Failure) 247M->247M(247M) 144,489ms
[373,207s][info][gc] GC(129) Pause Full (Allocation Failure) 247M->247M(247M) 107,491ms
[373,340s][info][gc] GC(130) Pause Full (Allocation Failure) 247M->247M(247M) 132,613ms
[373,450s][info][gc] GC(131) Pause Full (Allocation Failure) 247M->247M(247M) 109,727ms
Exception in thread "RMI TCP Connection(idle)" [373,560s][info][gc] GC(133) Pause Full (Allocation Failure) 247M->247M(247M) 110,295ms
[373,670s][info][gc] GC(134) Pause Full (Allocation Failure) 247M->247M(247M) 109,581ms
[373,691s][info][gc] GC(132) Pause Initial Mark 247M->247M(247M) 20,574ms
[373,691s][info][gc] GC(132) Concurrent Mark
[373,727s][info][gc] GC(132) Concurrent Mark 35,874ms
[373,762s][info][gc] GC(135) Pause Full (Allocation Failure) 247M->3M(247M) 70,901ms
Exception in thread "main" java.lang.OutOfMemoryError: Java heap space
	at ru.otus.l06.TestClass.<init>(TestClass.java:4)
	at ru.otus.l06.App.main(App.java:19)
java.lang.OutOfMemoryError: Java heap space
	at java.base/java.io.BufferedOutputStream.<init>(BufferedOutputStream.java:75)
	at java.base/java.io.BufferedOutputStream.<init>(BufferedOutputStream.java:58)
	at java.rmi/sun.rmi.transport.tcp.TCPTransport$ConnectionHandler.run0(TCPTransport.java:731)
	at java.rmi/sun.rmi.transport.tcp.TCPTransport$ConnectionHandler.lambda$run$0(TCPTransport.java:677)
	at java.rmi/sun.rmi.transport.tcp.TCPTransport$ConnectionHandler$$Lambda$85/0x0000000800b69840.run(Unknown Source)
	at java.base/java.security.AccessController.executePrivileged(AccessController.java:753)
	at java.base/java.security.AccessController.doPrivileged(AccessController.java:391)
	at java.rmi/sun.rmi.transport.tcp.TCPTransport$ConnectionHandler.run(TCPTransport.java:676)
	at java.base/java.util.concurrent.ThreadPoolExecutor.runWorker(ThreadPoolExecutor.java:1128)
	at java.base/java.util.concurrent.ThreadPoolExecutor$Worker.run(ThreadPoolExecutor.java:628)
	at java.base/java.lang.Thread.run(Thread.java:830)

Process finished with exit code 1

0.157 seconds on ParNew (8 collections)

2.072 seconds on ConcurrentMarkSweep (80 collections)