/opt/jdk-13.0.1/bin/java -Xms128m -Xmx128m -verbose:gc -XX:+UseSerialGC -javaagent:/snap/intellij-idea-community/221/lib/idea_rt.jar=44387:/snap/intellij-idea-community/221/bin -Dfile.encoding=UTF-8 -classpath /home/comradv/IdeaProjects/otus_java_2019_12/hw06-gc/target/classes ru.otus.l06.App
[0.010s][info][gc] Using Serial
[17,230s][info][gc] GC(0) Pause Young (Allocation Failure) 34M->15M(123M) 42,842ms
[44,351s][info][gc] GC(1) Pause Young (Allocation Failure) 49M->42M(123M) 23,131ms
[73,108s][info][gc] GC(2) Pause Young (Allocation Failure) 76M->70M(123M) 47,855ms
[102,833s][info][gc] GC(3) Pause Young (Allocation Failure) 104M->104M(123M) 0,113ms
[102,915s][info][gc] GC(4) Pause Full (Allocation Failure) 104M->76M(123M) 82,128ms
[134,092s][info][gc] GC(5) Pause Young (Allocation Failure) 110M->110M(123M) 0,136ms
[134,176s][info][gc] GC(6) Pause Full (Allocation Failure) 110M->97M(123M) 84,053ms
[157,560s][info][gc] GC(7) Pause Full (Allocation Failure) 123M->114M(123M) 84,999ms
[166,220s][info][gc] GC(8) Pause Full (Allocation Failure) 123M->119M(123M) 66,549ms
[170,762s][info][gc] GC(9) Pause Full (Allocation Failure) 123M->123M(123M) 76,466ms
[171,024s][info][gc] GC(10) Pause Full (Allocation Failure) 123M->123M(123M) 74,488ms
[171,078s][info][gc] GC(11) Pause Full (Allocation Failure) 123M->123M(123M) 52,348ms
[171,147s][info][gc] GC(12) Pause Full (Allocation Failure) 123M->122M(123M) 68,844ms
[172,380s][info][gc] GC(13) Pause Full (Allocation Failure) 123M->123M(123M) 47,112ms
[172,441s][info][gc] GC(14) Pause Full (Allocation Failure) 123M->123M(123M) 50,830ms
[172,643s][info][gc] GC(15) Pause Full (Allocation Failure) 123M->123M(123M) 70,719ms
[172,780s][info][gc] GC(16) Pause Full (Allocation Failure) 123M->123M(123M) 89,520ms
[173,299s][info][gc] GC(17) Pause Full (Allocation Failure) 123M->123M(123M) 70,726ms
[173,353s][info][gc] GC(18) Pause Full (Allocation Failure) 123M->123M(123M) 54,113ms
[173,405s][info][gc] GC(19) Pause Full (Allocation Failure) 123M->123M(123M) 51,001ms
[173,472s][info][gc] GC(20) Pause Full (Allocation Failure) 123M->123M(123M) 67,418ms
[173,616s][info][gc] GC(21) Pause Full (Allocation Failure) 123M->123M(123M) 71,705ms
[173,682s][info][gc] GC(22) Pause Full (Allocation Failure) 123M->123M(123M) 48,610ms
[173,733s][info][gc] GC(23) Pause Full (Allocation Failure) 123M->123M(123M) 50,634ms
[173,799s][info][gc] GC(24) Pause Full (Allocation Failure) 123M->123M(123M) 66,175ms
[173,852s][info][gc] GC(25) Pause Full (Allocation Failure) 123M->123M(123M) 51,902ms
[173,906s][info][gc] GC(26) Pause Full (Allocation Failure) 123M->123M(123M) 52,903ms
[173,959s][info][gc] GC(27) Pause Full (Allocation Failure) 123M->123M(123M) 52,388ms
[174,025s][info][gc] GC(28) Pause Full (Allocation Failure) 123M->123M(123M) 65,938ms
[174,078s][info][gc] GC(29) Pause Full (Allocation Failure) 123M->123M(123M) 53,126ms
[174,132s][info][gc] GC(30) Pause Full (Allocation Failure) 123M->123M(123M) 53,063ms
[174,184s][info][gc] GC(31) Pause Full (Allocation Failure) 123M->123M(123M) 52,042ms
[174,252s][info][gc] GC(32) Pause Full (Allocation Failure) 123M->123M(123M) 68,213ms
[174,308s][info][gc] GC(33) Pause Full (Allocation Failure) 123M->123M(123M) 52,636ms
[174,364s][info][gc] GC(34) Pause Full (Allocation Failure) 123M->123M(123M) 51,606ms
[174,425s][info][gc] GC(35) Pause Full (Allocation Failure) 123M->123M(123M) 49,791ms
[174,491s][info][gc] GC(36) Pause Full (Allocation Failure) 123M->123M(123M) 65,634ms
[174,545s][info][gc] GC(37) Pause Full (Allocation Failure) 123M->123M(123M) 53,424ms
[174,599s][info][gc] GC(38) Pause Full (Allocation Failure) 123M->123M(123M) 53,546ms
[174,653s][info][gc] GC(39) Pause Full (Allocation Failure) 123M->123M(123M) 54,504ms
[174,721s][info][gc] GC(40) Pause Full (Allocation Failure) 123M->123M(123M) 67,302ms
[174,776s][info][gc] GC(41) Pause Full (Allocation Failure) 123M->123M(123M) 55,245ms
[174,832s][info][gc] GC(42) Pause Full (Allocation Failure) 123M->123M(123M) 55,100ms
[174,885s][info][gc] GC(43) Pause Full (Allocation Failure) 123M->123M(123M) 53,576ms
[174,953s][info][gc] GC(44) Pause Full (Allocation Failure) 123M->123M(123M) 67,308ms
[175,007s][info][gc] GC(45) Pause Full (Allocation Failure) 123M->123M(123M) 53,641ms
[175,061s][info][gc] GC(46) Pause Full (Allocation Failure) 123M->123M(123M) 54,437ms
[175,116s][info][gc] GC(47) Pause Full (Allocation Failure) 123M->123M(123M) 54,354ms
[175,169s][info][gc] GC(48) Pause Full (Allocation Failure) 123M->123M(123M) 52,998ms
[175,222s][info][gc] GC(49) Pause Full (Allocation Failure) 123M->123M(123M) 53,223ms
[175,277s][info][gc] GC(50) Pause Full (Allocation Failure) 123M->123M(123M) 54,297ms
[175,330s][info][gc] GC(51) Pause Full (Allocation Failure) 123M->123M(123M) 53,602ms
[175,384s][info][gc] GC(52) Pause Full (Allocation Failure) 123M->123M(123M) 53,293ms
[175,438s][info][gc] GC(53) Pause Full (Allocation Failure) 123M->123M(123M) 53,648ms
[175,460s][info][gc] GC(54) Pause Full (Allocation Failure) 123M->2M(123M) 22,002ms
Exception in thread "main" java.lang.OutOfMemoryError: Java heap space
	at ru.otus.l06.TestClass.<init>(TestClass.java:4)
	at ru.otus.l06.App.main(App.java:20)

Process finished with exit code 1
0.113 Copy (5 collections)
0.686 on MarkSweepCompact(10 collections)
